Archive member included to satisfy reference by file (symbol)

C:/Program Files/CodeBlocks/MinGW/bin/../lib/gcc/x86_64-w64-mingw32/8.1.0/libstdc++.dll.a(d005880.o)
                              C:\Users\lenovo2\AppData\Local\Temp\ccx4C5Zz.o (__gxx_personality_seh0)
C:/Program Files/CodeBlocks/MinGW/bin/../lib/gcc/x86_64-w64-mingw32/8.1.0/libstdc++.dll.a(d005864.o)
                              C:\Users\lenovo2\AppData\Local\Temp\ccx4C5Zz.o (__cxa_throw_bad_array_new_length)
C:/Program Files/CodeBlocks/MinGW/bin/../lib/gcc/x86_64-w64-mingw32/8.1.0/libstdc++.dll.a(d005860.o)
                              C:\Users\lenovo2\AppData\Local\Temp\ccx4C5Zz.o (__cxa_rethrow)
C:/Program Files/CodeBlocks/MinGW/bin/../lib/gcc/x86_64-w64-mingw32/8.1.0/libstdc++.dll.a(d005849.o)
                              C:\Users\lenovo2\AppData\Local\Temp\ccx4C5Zz.o (__cxa_end_catch)
C:/Program Files/CodeBlocks/MinGW/bin/../lib/gcc/x86_64-w64-mingw32/8.1.0/libstdc++.dll.a(d005843.o)
                              C:\Users\lenovo2\AppData\Local\Temp\ccx4C5Zz.o (__cxa_begin_catch)
C:/Program Files/CodeBlocks/MinGW/bin/../lib/gcc/x86_64-w64-mingw32/8.1.0/libstdc++.dll.a(d005829.o)
                              C:\Users\lenovo2\AppData\Local\Temp\ccx4C5Zz.o (operator new[](unsigned long long))
C:/Program Files/CodeBlocks/MinGW/bin/../lib/gcc/x86_64-w64-mingw32/8.1.0/libstdc++.dll.a(d004902.o)
                              C:\Users\lenovo2\AppData\Local\Temp\ccx4C5Zz.o (std::basic_istream<char, std::char_traits<char> >& std::operator>><char, std::char_traits<char>, std::allocator<char> >(std::basic_istream<char, std::char_traits<char> >&, std::__cxx11::basic_string<char, std::char_traits<char>, std::allocator<char> >&))
C:/Program Files/CodeBlocks/MinGW/bin/../lib/gcc/x86_64-w64-mingw32/8.1.0/libstdc++.dll.a(d004858.o)
                              C:\Users\lenovo2\AppData\Local\Temp\ccx4C5Zz.o (std::basic_ostream<char, std::char_traits<char> >& std::operator<< <char, std::char_traits<char>, std::allocator<char> >(std::basic_ostream<char, std::char_traits<char> >&, std::__cxx11::basic_string<char, std::char_traits<char>, std::allocator<char> > const&))
C:/Program Files/CodeBlocks/MinGW/bin/../lib/gcc/x86_64-w64-mingw32/8.1.0/libstdc++.dll.a(d004749.o)
                              C:\Users\lenovo2\AppData\Local\Temp\ccx4C5Zz.o (std::basic_istream<char, std::char_traits<char> >& std::getline<char, std::char_traits<char>, std::allocator<char> >(std::basic_istream<char, std::char_traits<char> >&, std::__cxx11::basic_string<char, std::char_traits<char>, std::allocator<char> >&))
C:/Program Files/CodeBlocks/MinGW/bin/../lib/gcc/x86_64-w64-mingw32/8.1.0/libstdc++.dll.a(d004739.o)
                              C:\Users\lenovo2\AppData\Local\Temp\ccx4C5Zz.o (std::basic_ostream<char, std::char_traits<char> >& std::endl<char, std::char_traits<char> >(std::basic_ostream<char, std::char_traits<char> >&))
C:/Program Files/CodeBlocks/MinGW/bin/../lib/gcc/x86_64-w64-mingw32/8.1.0/libstdc++.dll.a(d004738.o)
                              (__imp__ZSt4cout)
C:/Program Files/CodeBlocks/MinGW/bin/../lib/gcc/x86_64-w64-mingw32/8.1.0/libstdc++.dll.a(d004735.o)
                              (__imp__ZSt3cin)
C:/Program Files/CodeBlocks/MinGW/bin/../lib/gcc/x86_64-w64-mingw32/8.1.0/libstdc++.dll.a(d004705.o)
                              C:\Users\lenovo2\AppData\Local\Temp\ccx4C5Zz.o (std::__throw_logic_error(char const*))
C:/Program Files/CodeBlocks/MinGW/bin/../lib/gcc/x86_64-w64-mingw32/8.1.0/libstdc++.dll.a(d004586.o)
                              C:\Users\lenovo2\AppData\Local\Temp\ccx4C5Zz.o (std::basic_ios<char, std::char_traits<char> >::clear(std::_Ios_Iostate))
C:/Program Files/CodeBlocks/MinGW/bin/../lib/gcc/x86_64-w64-mingw32/8.1.0/libstdc++.dll.a(d004450.o)
                              C:\Users\lenovo2\AppData\Local\Temp\ccx4C5Zz.o (std::ios_base::Init::~Init())
C:/Program Files/CodeBlocks/MinGW/bin/../lib/gcc/x86_64-w64-mingw32/8.1.0/libstdc++.dll.a(d004448.o)
                              C:\Users\lenovo2\AppData\Local\Temp\ccx4C5Zz.o (std::ios_base::Init::Init())
C:/Program Files/CodeBlocks/MinGW/bin/../lib/gcc/x86_64-w64-mingw32/8.1.0/libstdc++.dll.a(d004202.o)
                              C:\Users\lenovo2\AppData\Local\Temp\ccx4C5Zz.o (std::__cxx11::basic_stringstream<char, std::char_traits<char>, std::allocator<char> >::~basic_stringstream())
C:/Program Files/CodeBlocks/MinGW/bin/../lib/gcc/x86_64-w64-mingw32/8.1.0/libstdc++.dll.a(d004196.o)
                              C:\Users\lenovo2\AppData\Local\Temp\ccx4C5Zz.o (std::__cxx11::basic_stringstream<char, std::char_traits<char>, std::allocator<char> >::basic_stringstream(std::__cxx11::basic_string<char, std::char_traits<char>, std::allocator<char> > const&, std::_Ios_Openmode))
C:/Program Files/CodeBlocks/MinGW/bin/../lib/gcc/x86_64-w64-mingw32/8.1.0/libstdc++.dll.a(d003895.o)
[...]
Memory Configuration

Name             Origin             Length             Attributes
*default*        0x0000000000000000 0xffffffffffffffff

Linker script and memory map

                0x0000000000400000                __image_base__ = 0x400000
                0x0000000000000000                __dll__ = 0x0
                0x0000000000400000                __ImageBase = 0x400000
                0x0000000000001000                __section_alignment__ = 0x1000
                0x0000000000000200                __file_alignment__ = 0x200
                0x0000000000000004                __major_os_version__ = 0x4
                0x0000000000000000                __minor_os_version__ = 0x0
                0x0000000000000000                __major_image_version__ = 0x0
                0x0000000000000000                __minor_image_version__ = 0x0
                0x0000000000000005                __major_subsystem_version__ = 0x5
                0x0000000000000002                __minor_subsystem_version__ = 0x2
                0x0000000000000003                __subsystem__ = 0x3
                0x0000000000200000                __size_of_stack_reserve__ = 0x200000
                0x0000000000001000                __size_of_stack_commit__ = 0x1000
                0x0000000000100000                __size_of_heap_reserve__ = 0x100000
                0x0000000000001000                __size_of_heap_commit__ = 0x1000
                0x0000000000000000                __loader_flags__ = 0x0
                0x0000000000000000                __dll_characteristics__ = 0x0
LOAD C:/Program Files/CodeBlocks/MinGW/bin/../lib/gcc/x86_64-w64-mingw32/8.1.0/../../../../x86_64-w64-mingw32/lib/../lib/crt2.o
LOAD C:/Program Files/CodeBlocks/MinGW/bin/../lib/gcc/x86_64-w64-mingw32/8.1.0/crtbegin.o
LOAD C:\Users\lenovo2\AppData\Local\Temp\ccx4C5Zz.o
LOAD C:/Program Files/CodeBlocks/MinGW/bin/../lib/gcc/x86_64-w64-mingw32/8.1.0/libstdc++.dll.a
LOAD C:/Program Files/CodeBlocks/MinGW/bin/../lib/gcc/x86_64-w64-mingw32/8.1.0/../../../../x86_64-w64-mingw32/lib/../lib/libmingw32.a
LOAD C:/Program Files/CodeBlocks/MinGW/bin/../lib/gcc/x86_64-w64-mingw32/8.1.0/../../../../x86_64-w64-mingw32/lib/../lib/libgcc_s.a
LOAD C:/Program Files/CodeBlocks/MinGW/bin/../lib/gcc/x86_64-w64-mingw32/8.1.0/libgcc.a
LOAD C:/Program Files/CodeBlocks/MinGW/bin/../lib/gcc/x86_64-w64-mingw32/8.1.0/../../../../x86_64-w64-mingw32/lib/../lib/libmoldname.a
LOAD C:/Program Files/CodeBlocks/MinGW/bin/../lib/gcc/x86_64-w64-mingw32/8.1.0/../../../../x86_64-w64-mingw32/lib/../lib/libmingwex.a
LOAD C:/Program Files/CodeBlocks/MinGW/bin/../lib/gcc/x86_64-w64-mingw32/8.1.0/../../../../x86_64-w64-mingw32/lib/../lib/libmsvcrt.a
LOAD C:/Program Files/CodeBlocks/MinGW/bin/../lib/gcc/x86_64-w64-mingw32/8.1.0/../../../../x86_64-w64-mingw32/lib/../lib/libpthread.dll.a
LOAD C:/Program Files/CodeBlocks/MinGW/bin/../lib/gcc/x86_64-w64-mingw32/8.1.0/../../../../x86_64-w64-mingw32/lib/../lib/libadvapi32.a
LOAD C:/Program Files/CodeBlocks/MinGW/bin/../lib/gcc/x86_64-w64-mingw32/8.1.0/../../../../x86_64-w64-mingw32/lib/../lib/libshell32.a
LOAD C:/Program Files/CodeBlocks/MinGW/bin/../lib/gcc/x86_64-w64-mingw32/8.1.0/../../../../x86_64-w64-mingw32/lib/../lib/libuser32.a
LOAD C:/Program Files/CodeBlocks/MinGW/bin/../lib/gcc/x86_64-w64-mingw32/8.1.0/../../../../x86_64-w64-mingw32/lib/../lib/libkernel32.a
LOAD C:/Program Files/CodeBlocks/MinGW/bin/../lib/gcc/x86_64-w64-mingw32/8.1.0/../../../../x86_64-w64-mingw32/lib/../lib/libiconv.a
LOAD C:/Program Files/CodeBlocks/MinGW/bin/../lib/gcc/x86_64-w64-mingw32/8.1.0/../../../../x86_64-w64-mingw32/lib/../lib/libmingw32.a
LOAD C:/Program Files/CodeBlocks/MinGW/bin/../lib/gcc/x86_64-w64-mingw32/8.1.0/../../../../x86_64-w64-mingw32/lib/../lib/libgcc_s.a
LOAD C:/Program Files/CodeBlocks/MinGW/bin/../lib/gcc/x86_64-w64-mingw32/8.1.0/libgcc.a
LOAD C:/Program Files/CodeBlocks/MinGW/bin/../lib/gcc/x86_64-w64-mingw32/8.1.0/../../../../x86_64-w64-mingw32/lib/../lib/libmoldname.a
LOAD C:/Program Files/CodeBlocks/MinGW/bin/../lib/gcc/x86_64-w64-mingw32/8.1.0/../../../../x86_64-w64-mingw32/lib/../lib/libmingwex.a
LOAD C:/Program Files/CodeBlocks/MinGW/bin/../lib/gcc/x86_64-w64-mingw32/8.1.0/../../../../x86_64-w64-mingw32/lib/../lib/libmsvcrt.a
LOAD C:/Program Files/CodeBlocks/MinGW/bin/../lib/gcc/x86_64-w64-mingw32/8.1.0/crtend.o
                0x0000000000000408                . = SIZEOF_HEADERS
                0x0000000000001000                . = ALIGN (__section_alignment__)

.text           0x0000000000401000     0x8a00
 *(.init)
 *(.text)
 .text          0x0000000000401000      0x530 C:/Program Files/CodeBlocks/MinGW/bin/../lib/gcc/x86_64-w64-mingw32/8.1.0/../../../../x86_64-w64-mingw32/lib/../lib/crt2.o
                0x00000000004014b0                WinMainCRTStartup
                0x00000000004014e0                mainCRTStartup
                0x0000000000401510                atexit
 .text          0x0000000000401530       0x20 C:/Program Files/CodeBlocks/MinGW/bin/../lib/gcc/x86_64-w64-mingw32/8.1.0/crtbegin.o
                0x0000000000401530                __gcc_register_frame
                0x0000000000401540                __gcc_deregister_frame
 .text          0x0000000000401550     0x18a0 C:\Users\lenovo2\AppData\Local\Temp\ccx4C5Zz.o
                0x000000000040158c                countWords(std::__cxx11::basic_string<char, std::char_traits<char>, std::allocator<char> >)
                0x0000000000401665                No_Test_Cases(std::__cxx11::basic_string<char, std::char_traits<char>, std::allocator<char> >, int, int*)
                0x0000000000401755                check_files_Types(std::__cxx11::basic_string<char, std::char_traits<char>, std::allocator<char> >)
                0x0000000000401ca4                get_test_cases(int*, int, std::__cxx11::basic_string<char, std::char_traits<char>, std::allocator<char> >**, int*, std::__cxx11::basic_string<char, std::char_traits<char>, std::allocator<char> >*)
                0x0000000000402a53                main
 .text          0x0000000000402df0        0x8 C:/Program Files/CodeBlocks/MinGW/bin/../lib/gcc/x86_64-w64-mingw32/8.1.0/libstdc++.dll.a(d005880.o)
                0x0000000000402df0                __gxx_personality_seh0
 .text          0x0000000000402df8        0x8 C:/Program Files/CodeBlocks/MinGW/bin/../lib/gcc/x86_64-w64-mingw32/8.1.0/libstdc++.dll.a(d005864.o)
                0x0000000000402df8                __cxa_throw_bad_array_new_length
 .text          0x0000000000402e00        0x8 C:/Program Files/CodeBlocks/MinGW/bin/../lib/gcc/x86_64-w64-mingw32/8.1.0/libstdc++.dll.a(d005860.o)
                0x0000000000402e00                __cxa_rethrow
 .text          0x0000000000402e08        0x8 C:/Program Files/CodeBlocks/MinGW/bin/../lib/gcc/x86_64-w64-mingw32/8.1.0/libstdc++.dll.a(d005849.o)
                0x0000000000402e08                __cxa_end_catch
 .text          0x0000000000402e10        0x8 C:/Program Files/CodeBlocks/MinGW/bin/../lib/gcc/x86_64-w64-mingw32/8.1.0/libstdc++.dll.a(d005843.o)
                0x0000000000402e10                __cxa_begin_catch
 .text          0x0000000000402e18        0x8 C:/Program Files/CodeBlocks/MinGW/bin/../lib/gcc/x86_64-w64-mingw32/8.1.0/libstdc++.dll.a(d005829.o)
                0x0000000000402e18                operator new[](unsigned long long)
 .text          0x0000000000402e20        0x8 C:/Program Files/CodeBlocks/MinGW/bin/../lib/gcc/x86_64-w64-mingw32/8.1.0/libstdc++.dll.a(d004902.o)
                0x0000000000402e20                std::basic_istream<char, std::char_traits<char> >& std::operator>><char, std::char_traits<char>, std::allocator<char> >(std::basic_istream<char, std::char_traits<char> >&, std::__cxx11::basic_string<char, std::char_traits<char>, std::allocator<char> >&)
 .text          0x0000000000402e28        0x8 C:/Program Files/CodeBlocks/MinGW/bin/../lib/gcc/x86_64-w64-mingw32/8.1.0/libstdc++.dll.a(d004858.o)
                0x0000000000402e28                std::basic_ostream<char, std::char_traits<char> >& std::operator<< <char, std::char_traits<char>, std::allocator<char> >(std::basic_ostream<char, std::char_traits<char> >&, std::__cxx11::basic_string<char, std::char_traits<char>, std::allocator<char> > const&)
 .text          0x0000000000402e30        0x8 C:/Program Files/CodeBlocks/MinGW/bin/../lib/gcc/x86_64-w64-mingw32/8.1.0/libstdc++.dll.a(d004749.o)
                0x0000000000402e30                std::basic_istream<char, std::char_traits<char> >& std::getline<char, std::char_traits<char>, std::allocator<char> >(std::basic_istream<char, std::char_traits<char> >&, std::__cxx11::basic_string<char, std::char_traits<char>, std::allocator<char> >&)
 .text          0x0000000000402e38        0x8 C:/Program Files/CodeBlocks/MinGW/bin/../lib/gcc/x86_64-w64-mingw32/8.1.0/libstdc++.dll.a(d004739.o)
                0x0000000000402e38                std::basic_ostream<char, std::char_traits<char> >& std::endl<char, std::char_traits<char> >(std::basic_ostream<char, std::char_traits<char> >&)
 .text          0x0000000000402e40        0x0 C:/Program Files/CodeBlocks/MinGW/bin/../lib/gcc/x86_64-w64-mingw32/8.1.0/libstdc++.dll.a(d004738.o)
 .text          0x0000000000402e40        0x0 C:/Program Files/CodeBlocks/MinGW/bin/../lib/gcc/x86_64-w64-mingw32/8.1.0/libstdc++.dll.a(d004735.o)
 .text          0x0000000000402e40        0x8 C:/Program Files/CodeBlocks/MinGW/bin/../lib/gcc/x86_64-w64-mingw32/8.1.0/libstdc++.dll.a(d004705.o)
                0x0000000000402e40                std::__throw_logic_error(char const*)
 .text          0x0000000000402e48        0x8 C:/Program Files/CodeBlocks/MinGW/bin/../lib/gcc/x86_64-w64-mingw32/8.1.0/libstdc++.dll.a(d004586.o)
                0x0000000000402e48                std::basic_ios<char, std::char_traits<char> >::clear(std::_Ios_Iostate)
 .text          0x0000000000402e50        0x8 C:/Program Files/CodeBlocks/MinGW/bin/../lib/gcc/x86_64-w64-mingw32/8.1.0/libstdc++.dll.a(d004450.o)
                0x0000000000402e50                std::ios_base::Init::~Init()
 .text          0x0000000000402e58        0x8 C:/Program Files/CodeBlocks/MinGW/bin/../lib/gcc/x86_64-w64-mingw32/8.1.0/libstdc++.dll.a(d004448.o)
                0x0000000000402e58                std::ios_base::Init::Init()
 .text          0x0000000000402e60        0x8 C:/Program Files/CodeBlocks/MinGW/bin/../lib/gcc/x86_64-w64-mingw32/8.1.0/libstdc++.dll.a(d004202.o)
                0x0000000000402e60                std::__cxx11::basic_stringstream<char, std::char_traits<char>, std::allocator<char> >::~basic_stringstream()
 .text          0x0000000000402e68        0x8 C:/Program Files/CodeBlocks/MinGW/bin/../lib/gcc/x86_64-w64-mingw32/8.1.0/libstdc++.dll.a(d004196.o)
                0x0000000000402e68                std::__cxx11::basic_stringstream<char, std::char_traits<char>, std::allocator<char> >::basic_stringstream(std::__cxx11::basic_string<char, std::char_traits<char>, std::allocator<char> > const&, std::_Ios_Openmode)
 .text          0x0000000000402e70        0x8 C:/Program Files/CodeBlocks/MinGW/bin/../lib/gcc/x86_64-w64-mingw32/8.1.0/libstdc++.dll.a(d003895.o)
                0x0000000000402e70                std::__cxx11::basic_string<char, std::char_traits<char>, std::allocator<char> >::operator=(std::__cxx11::basic_string<char, std::char_traits<char>, std::allocator<char> >&&)
 .text          0x0000000000402e78        0x8 C:/Program Files/CodeBlocks/MinGW/bin/../lib/gcc/x86_64-w64-mingw32/8.1.0/libstdc++.dll.a(d003893.o)
                0x0000000000402e78                std::__cxx11::basic_string<char, std::char_traits<char>, std::allocator<char> >::~basic_string()
 .text          0x0000000000402e80        0x8 C:/Program Files/CodeBlocks/MinGW/bin/../lib/gcc/x86_64-w64-mingw32/8.1.0/libstdc++.dll.a(d003872.o)
                0x0000000000402e80                std::__cxx11::basic_string<char, std::char_traits<char>, std::allocator<char> >::basic_string()
 .text          0x0000000000402e88        0x8 C:/Program Files/CodeBlocks/MinGW/bin/../lib/gcc/x86_64-w64-mingw32/8.1.0/libstdc++.dll.a(d003866.o)
                0x0000000000402e88                std::__cxx11::basic_string<char, std::char_traits<char>, std::allocator<char> >::basic_string(std::__cxx11::basic_string<char, std::char_traits<char>, std::allocator<char> > const&)
 .text          0x0000000000402e90        0x8 C:/Program Files/CodeBlocks/MinGW/bin/../lib/gcc/x86_64-w64-mingw32/8.1.0/libstdc++.dll.a(d003861.o)
                0x0000000000402e90                std::__cxx11::basic_string<char, std::char_traits<char>, std::allocator<char> >::basic_string(std::__cxx11::basic_string<char, std::char_traits<char>, std::allocator<char> >&&)
 .text          0x0000000000402e98        0x8 C:/Program Files/CodeBlocks/MinGW/bin/../lib/gcc/x86_64-w64-mingw32/8.1.0/libstdc++.dll.a(d003856.o)
                0x0000000000402e98                std::__cxx11::basic_string<char, std::char_traits<char>, std::allocator<char> >::_M_create(unsigned long long&, unsigned long long)
 .text          0x0000000000402ea0        0x8 C:/Program Files/CodeBlocks/MinGW/bin/../lib/gcc/x86_64-w64-mingw32/8.1.0/libstdc++.dll.a(d003826.o)
                0x0000000000402ea0                std::__cxx11::basic_string<char, std::char_traits<char>, std::allocator<char> >::_M_data(char*)
 .text          0x0000000000402ea8        0x8 C:/Program Files/CodeBlocks/MinGW/bin/../lib/gcc/x86_64-w64-mingw32/8.1.0/libstdc++.dll.a(d003819.o)
                0x0000000000402ea8                std::__cxx11::basic_string<char, std::char_traits<char>, std::allocator<char> >::insert(unsigned long long, std::__cxx11::basic_string<char, std::char_traits<char>, std::allocator<char> > const&)
 .text          0x0000000000402eb0        0x8 C:/Program Files/CodeBlocks/MinGW/bin/../lib/gcc/x86_64-w64-mingw32/8.1.0/libstdc++.dll.a(d003817.o)
                0x0000000000402eb0                std::__cxx11::basic_string<char, std::char_traits<char>, std::allocator<char> >::insert(unsigned long long, char const*)
 .text          0x0000000000402eb8        0x8 C:/Program Files/CodeBlocks/MinGW/bin/../lib/gcc/x86_64-w64-mingw32/8.1.0/libstdc++.dll.a(d003801.o)
                0x0000000000402eb8                std::__cxx11::basic_string<char, std::char_traits<char>, std::allocator<char> >::append(std::__cxx11::basic_string<char, std::char_traits<char>, std::allocator<char> > const&)
 .text          0x0000000000402ec0        0x8 C:/Program Files/CodeBlocks/MinGW/bin/../lib/gcc/x86_64-w64-mingw32/8.1.0/libstdc++.dll.a(d003799.o)
                0x0000000000402ec0                std::__cxx11::basic_string<char, std::char_traits<char>, std::allocator<char> >::append(char const*)
 .text          0x0000000000402ec8        0x8 C:/Program Files/CodeBlocks/MinGW/bin/../lib/gcc/x86_64-w64-mingw32/8.1.0/libstdc++.dll.a(d003791.o)
                0x0000000000402ec8                std::__cxx11::basic_string<char, std::char_traits<char>, std::allocator<char> >::begin()
 .text          0x0000000000402ed0        0x8 C:/Program Files/CodeBlocks/MinGW/bin/../lib/gcc/x86_64-w64-mingw32/8.1.0/libstdc++.dll.a(d003786.o)
                0x0000000000402ed0                std::__cxx11::basic_string<char, std::char_traits<char>, std::allocator<char> >::end()
 .text          0x0000000000402ed8        0x8 C:/Program Files/CodeBlocks/MinGW/bin/../lib/gcc/x86_64-w64-mingw32/8.1.0/libstdc++.dll.a(d003780.o)
                0x0000000000402ed8                std::__cxx11::basic_string<char, std::char_traits<char>, std::allocator<char> >::_S_copy_chars(char*, char*, char*)
 .text          0x0000000000402ee0        0x8 C:/Program Files/CodeBlocks/MinGW/bin/../lib/gcc/x86_64-w64-mingw32/8.1.0/libstdc++.dll.a(d003776.o)
                0x0000000000402ee0                std::__cxx11::basic_string<char, std::char_traits<char>, std::allocator<char> >::_M_set_length(unsigned long long)
 .text          0x0000000000402ee8        0x8 C:/Program Files/CodeBlocks/MinGW/bin/../lib/gcc/x86_64-w64-mingw32/8.1.0/libstdc++.dll.a(d003775.o)
                0x0000000000402ee8                std::__cxx11::basic_string<char, std::char_traits<char>, std::allocator<char> >::_M_local_data()
 .text          0x0000000000402ef0        0x8 C:/Program Files/CodeBlocks/MinGW/bin/../lib/gcc/x86_64-w64-mingw32/8.1.0/libstdc++.dll.a(d003767.o)
                0x0000000000402ef0                std::__cxx11::basic_string<char, std::char_traits<char>, std::allocator<char> >::_Alloc_hider::_Alloc_hider(char*, std::allocator<char> const&)
 .text          0x0000000000402ef8        0x8 C:/Program Files/CodeBlocks/MinGW/bin/../lib/gcc/x86_64-w64-mingw32/8.1.0/libstdc++.dll.a(d003765.o)
                0x0000000000402ef8                std::__cxx11::basic_string<char, std::char_traits<char>, std::allocator<char> >::_M_capacity(unsigned long long)
 .text          0x0000000000402f00        0x8 C:/Program Files/CodeBlocks/MinGW/bin/../lib/gcc/x86_64-w64-mingw32/8.1.0/libstdc++.dll.a(d003762.o)
                0x0000000000402f00                std::__cxx11::basic_string<char, std::char_traits<char>, std::allocator<char> >::_M_dispose()
 .text          0x0000000000402f08        0x8 C:/Program Files/CodeBlocks/MinGW/bin/../lib/gcc/x86_64-w64-mingw32/8.1.0/libstdc++.dll.a(d001739.o)
                0x0000000000402f08                std::ostream::operator<<(std::ostream& (*)(std::ostream&))
 .text          0x0000000000402f10        0x8 C:/Program Files/CodeBlocks/MinGW/bin/../lib/gcc/x86_64-w64-mingw32/8.1.0/libstdc++.dll.a(d001699.o)
                0x0000000000402f10                std::istream::operator>>(int&)
 .text          0x0000000000402f18        0x8 C:/Program Files/CodeBlocks/MinGW/bin/../lib/gcc/x86_64-w64-mingw32/8.1.0/libstdc++.dll.a(d001498.o)
                0x0000000000402f18                std::allocator<char>::~allocator()
 .text          0x0000000000402f20        0x8 C:/Program Files/CodeBlocks/MinGW/bin/../lib/gcc/x86_64-w64-mingw32/8.1.0/libstdc++.dll.a(d001497.o)
                0x0000000000402f20                std::allocator<char>::~allocator()
 .text          0x0000000000402f28        0x8 C:/Program Files/CodeBlocks/MinGW/bin/../lib/gcc/x86_64-w64-mingw32/8.1.0/libstdc++.dll.a(d001494.o)
                0x0000000000402f28                std::allocator<char>::allocator()
 .text          0x0000000000402f30        0x8 C:/Program Files/CodeBlocks/MinGW/bin/../lib/gcc/x86_64-w64-mingw32/8.1.0/libstdc++.dll.a(d001444.o)
                0x0000000000402f30                std::basic_ios<char, std::char_traits<char> >::operator bool() const
 .text          0x0000000000402f38        0x8 C:/Program Files/CodeBlocks/MinGW/bin/../lib/gcc/x86_64-w64-mingw32/8.1.0/libstdc++.dll.a(d000986.o)
                0x0000000000402f38                std::__cxx11::basic_string<char, std::char_traits<char>, std::allocator<char> >::capacity() const
 .text          0x0000000000402f40        0x8 C:/Program Files/CodeBlocks/MinGW/bin/../lib/gcc/x86_64-w64-mingw32/8.1.0/libstdc++.dll.a(d000977.o)
                0x0000000000402f40                std::__cxx11::basic_string<char, std::char_traits<char>, std::allocator<char> >::compare(char const*) const
 .text          0x0000000000402f48        0x8 C:/Program Files/CodeBlocks/MinGW/bin/../lib/gcc/x86_64-w64-mingw32/8.1.0/libstdc++.dll.a(d000976.o)
                0x0000000000402f48                std::__cxx11::basic_string<char, std::char_traits<char>, std::allocator<char> >::_M_data() const
 .text          0x0000000000402f50        0x8 C:/Program Files/CodeBlocks/MinGW/bin/../lib/gcc/x86_64-w64-mingw32/8.1.0/libstdc++.dll.a(d000975.o)
                0x0000000000402f50                std::__cxx11::basic_string<char, std::char_traits<char>, std::allocator<char> >::substr(unsigned long long, unsigned long long) const
 .text          0x0000000000402f58        0x8 C:/Program Files/CodeBlocks/MinGW/bin/../lib/gcc/x86_64-w64-mingw32/8.1.0/libstdc++.dll.a(d000962.o)
                0x0000000000402f58                std::__cxx11::basic_string<char, std::char_traits<char>, std::allocator<char> >::size() const
 .text          0x0000000000402f60        0x8 C:/Program Files/CodeBlocks/MinGW/bin/../lib/gcc/x86_64-w64-mingw32/8.1.0/libstdc++.dll.a(d000960.o)
                0x0000000000402f60                std::__cxx11::basic_string<char, std::char_traits<char>, std::allocator<char> >::find(char, unsigned long long) const
 .text          0x0000000000402f68        0x8 C:/Program Files/CodeBlocks/MinGW/bin/../lib/gcc/x86_64-w64-mingw32/8.1.0/libstdc++.dll.a(d000936.o)
                0x0000000000402f68                std::__cxx11::basic_string<char, std::char_traits<char>, std::allocator<char> >::find_first_of(char const*, unsigned long long) const
 .text          0x0000000000402f70        0x8 C:/Program Files/CodeBlocks/MinGW/bin/../lib/gcc/x86_64-w64-mingw32/8.1.0/libstdc++.dll.a(d000931.o)
                0x0000000000402f70                std::__cxx11::basic_string<char, std::char_traits<char>, std::allocator<char> >::find_last_of(char const*, unsigned long long) const
 *fill*         0x0000000000402f78        0x8 
 .text          0x0000000000402f80       0xd0 C:/Program Files/CodeBlocks/MinGW/bin/../lib/gcc/x86_64-w64-mingw32/8.1.0/../../../../x86_64-w64-mingw32/lib/../lib/libmingw32.a(lib64_libmingw32_a-gccmain.o)
                0x0000000000402f80                __do_global_dtors
                0x0000000000402fc0                __do_global_ctors
                0x0000000000403030                __main
 .text          0x0000000000403050        0x0 C:/Program Files/CodeBlocks/MinGW/bin/../lib/gcc/x86_64-w64-mingw32/8.1.0/../../../../x86_64-w64-mingw32/lib/../lib/libmingw32.a(lib64_libmingw32_a-natstart.o)
 .text          0x0000000000403050        0x0 C:/Program Files/CodeBlocks/MinGW/bin/../lib/gcc/x86_64-w64-mingw32/8.1.0/../../../../x86_64-w64-mingw32/lib/../lib/libmingw32.a(lib64_libmingw32_a-wildcard.o)
 .text          0x0000000000403050       0x10 C:/Program Files/CodeBlocks/MinGW/bin/../lib/gcc/x86_64-w64-mingw32/8.1.0/../../../../x86_64-w64-mingw32/lib/../lib/libmingw32.a(lib64_libmingw32_a-charmax.o)
 .text          0x0000000000403060       0x10 C:/Program Files/CodeBlocks/MinGW/bin/../lib/gcc/x86_64-w64-mingw32/8.1.0/../../../../x86_64-w64-mingw32/lib/../lib/libmingw32.a(lib64_libmingw32_a-dllargv.o)
                0x0000000000403060                _setargv
 .text          0x0000000000403070      0x1e0 C:/Program Files/CodeBlocks/MinGW/bin/../lib/gcc/x86_64-w64-mingw32/8.1.0/../../../../x86_64-w64-mingw32/lib/../lib/libmingw32.a(lib64_libmingw32_a-gs_support.o)
                0x0000000000403070                __security_init_cookie
                0x0000000000403150                __report_gsfailure
 .text          0x0000000000403250        0x0 C:/Program Files/CodeBlocks/MinGW/bin/../lib/gcc/x86_64-w64-mingw32/8.1.0/../../../../x86_64-w64-mingw32/lib/../lib/libmingw32.a(lib64_libmingw32_a-_newmode.o)
 .text          0x0000000000403250       0xc0 C:/Program Files/CodeBlocks/MinGW/bin/../lib/gcc/x86_64-w64-mingw32/8.1.0/../../../../x86_64-w64-mingw32/lib/../lib/libmingw32.a(lib64_libmingw32_a-tlssup.o)
                0x0000000000403280                __dyn_tls_init
                0x0000000000403300                __tlregdtor
 .text          0x0000000000403310        0x0 C:/Program Files/CodeBlocks/MinGW/bin/../lib/gcc/x86_64-w64-mingw32/8.1.0/../../../../x86_64-w64-mingw32/lib/../lib/libmingw32.a(lib64_libmingw32_a-cinitexe.o)
 .text          0x0000000000403310      0x160 C:/Program Files/CodeBlocks/MinGW/bin/../lib/gcc/x86_64-w64-mingw32/8.1.0/../../../../x86_64-w64-mingw32/lib/../lib/libmingw32.a(lib64_libmingw32_a-merr.o)
                0x0000000000403310                __mingw_raise_matherr
                0x0000000000403360                __mingw_setusermatherr
                0x0000000000403370                _matherr
 .text          0x0000000000403470       0x10 C:/Program Files/CodeBlocks/MinGW/bin/../lib/gcc/x86_64-w64-mingw32/8.1.0/../../../../x86_64-w64-mingw32/lib/../lib/libmingw32.a(lib64_libmingw32_a-CRT_fp10.o)
                0x0000000000403470                fpreset
                0x0000000000403470                _fpreset
 .text          0x0000000000403480       0x20 C:/Program Files/CodeBlocks/MinGW/bin/../lib/gcc/x86_64-w64-mingw32/8.1.0/../../../../x86_64-w64-mingw32/lib/../lib/libmingw32.a(lib64_libmingw32_a-mingw_helpers.o)
                0x0000000000403480                _decode_pointer
                0x0000000000403490                _encode_pointer
 .text          0x00000000004034a0      0x490 C:/Program Files/CodeBlocks/MinGW/bin/../lib/gcc/x86_64-w64-mingw32/8.1.0/../../../../x86_64-w64-mingw32/lib/../lib/libmingw32.a(lib64_libmingw32_a-pseudo-reloc.o)
                0x0000000000403670                _pei386_runtime_relocator
 .text          0x0000000000403930        0x0 C:/Program Files/CodeBlocks/MinGW/bin/../lib/gcc/x86_64-w64-mingw32/8.1.0/../../../../x86_64-w64-mingw32/lib/../lib/libmingw32.a(lib64_libmingw32_a-xtxtmode.o)
 .text          0x0000000000403930      0x480 C:/Program Files/CodeBlocks/MinGW/bin/../lib/gcc/x86_64-w64-mingw32/8.1.0/../../../../x86_64-w64-mingw32/lib/../lib/libmingw32.a(lib64_libmingw32_a-crt_handler.o)
                0x0000000000403930                __mingw_SEH_error_handler
                0x0000000000403ad0                __mingw_init_ehandler
                0x0000000000403bc0                _gnu_exception_handler
 .text          0x0000000000403db0      0x270 C:/Program Files/CodeBlocks/MinGW/bin/../lib/gcc/x86_64-w64-mingw32/8.1.0/../../../../x86_64-w64-mingw32/lib/../lib/libmingw32.a(lib64_libmingw32_a-tlsthrd.o)
                0x0000000000403e20                ___w64_mingwthr_add_key_dtor
                0x0000000000403ea0                ___w64_mingwthr_remove_key_dtor
                0x0000000000403f40                __mingw_TLScallback
 .text          0x0000000000404020        0x0 C:/Program Files/CodeBlocks/MinGW/bin/../lib/gcc/x86_64-w64-mingw32/8.1.0/../../../../x86_64-w64-mingw32/lib/../lib/libmingw32.a(lib64_libmingw32_a-tlsmcrt.o)
 .text          0x0000000000404020        0x0 C:/Program Files/CodeBlocks/MinGW/bin/../lib/gcc/x86_64-w64-mingw32/8.1.0/../../../../x86_64-w64-mingw32/lib/../lib/libmingw32.a(lib64_libmingw32_a-pseudo-reloc-list.o)
 .text          0x0000000000404020      0x3e0 C:/Program Files/CodeBlocks/MinGW/bin/../lib/gcc/x86_64-w64-mingw32/8.1.0/../../../../x86_64-w64-mingw32/lib/../lib/libmingw32.a(lib64_libmingw32_a-pesect.o)
                0x0000000000404040                _ValidateImageBase
                0x0000000000404060                _FindPESection
                0x00000000004040b0                _FindPESectionByName
                0x0000000000404140                __mingw_GetSectionForAddress
                0x00000000004041c0                __mingw_GetSectionCount
                0x0000000000404200                _FindPESectionExec
                0x0000000000404270                _GetPEImageBase
                0x00000000004042b0                _IsNonwritableInCurrentImage
                0x0000000000404350                __mingw_enum_import_library_names
 .text          0x0000000000404400        0x8 C:/Program Files/CodeBlocks/MinGW/bin/../lib/gcc/x86_64-w64-mingw32/8.1.0/../../../../x86_64-w64-mingw32/lib/../lib/libgcc_s.a(d000015.o)
                0x0000000000404400                _Unwind_Resume
 *fill*         0x0000000000404408        0x8 
 .text          0x0000000000404410       0x40 C:/Program Files/CodeBlocks/MinGW/bin/../lib/gcc/x86_64-w64-mingw32/8.1.0/libgcc.a(_chkstk_ms.o)
                0x0000000000404410                ___chkstk_ms
 .text          0x0000000000404450        0x0 C:/Program Files/CodeBlocks/MinGW/bin/../lib/gcc/x86_64-w64-mingw32/8.1.0/libgcc.a(_ctors.o)
 .text          0x0000000000404450        0x0 C:/Program Files/CodeBlocks/MinGW/bin/../lib/gcc/x86_64-w64-mingw32/8.1.0/../../../../x86_64-w64-mingw32/lib/../lib/libmingwex.a(lib64_libmingwex_a-mingw_matherr.o)
 .text          0x0000000000404450       0x60 C:/Program Files/CodeBlocks/MinGW/bin/../lib/gcc/x86_64-w64-mingw32/8.1.0/../../../../x86_64-w64-mingw32/lib/../lib/libmingwex.a(lib64_libmingwex_a-mingw_vsnprintf.o)
                0x0000000000404450                __mingw_vsnprintf
 .text          0x00000000004044b0     0x2110 C:/Program Files/CodeBlocks/MinGW/bin/../lib/gcc/x86_64-w64-mingw32/8.1.0/../../../../x86_64-w64-mingw32/lib/../lib/libmingwex.a(lib64_libmingwex_a-mingw_pformat.o)
                0x0000000000405cb0                __mingw_pformat
 .text          0x00000000004065c0      0x280 C:/Program Files/CodeBlocks/MinGW/bin/../lib/gcc/x86_64-w64-mingw32/8.1.0/../../../../x86_64-w64-mingw32/lib/../lib/libmingwex.a(lib64_libmingwex_a-dmisc.o)
                0x00000000004065c0                __rv_alloc_D2A
                0x00000000004065f0                __nrv_alloc_D2A
                0x0000000000406680                __freedtoa
                0x00000000004066a0                __quorem_D2A
 .text          0x0000000000406840     0x1590 C:/Program Files/CodeBlocks/MinGW/bin/../lib/gcc/x86_64-w64-mingw32/8.1.0/../../../../x86_64-w64-mingw32/lib/../lib/libmingwex.a(lib64_libmingwex_a-gdtoa.o)
                0x0000000000406840                __gdtoa
 .text          0x0000000000407dd0      0x150 C:/Program Files/CodeBlocks/MinGW/bin/../lib/gcc/x86_64-w64-mingw32/8.1.0/../../../../x86_64-w64-mingw32/lib/../lib/libmingwex.a(lib64_libmingwex_a-gmisc.o)
                0x0000000000407dd0                __rshift_D2A
                0x0000000000407ed0                __trailz_D2A
 .text          0x0000000000407f20      0xb30 C:/Program Files/CodeBlocks/MinGW/bin/../lib/gcc/x86_64-w64-mingw32/8.1.0/../../../../x86_64-w64-mingw32/lib/../lib/libmingwex.a(lib64_libmingwex_a-misc.o)
                0x0000000000408040                __Balloc_D2A
                0x0000000000408140                __Bfree_D2A
                0x00000000004081b0                __multadd_D2A
                0x0000000000408260                __i2b_D2A
                0x0000000000408290                __mult_D2A
                0x00000000004083c0                __pow5mult_D2A
                0x0000000000408540                __lshift_D2A
                0x0000000000408640                __cmp_D2A
                0x0000000000408680                __diff_D2A
                0x00000000004087f0                __b2d_D2A
                0x0000000000408900                __d2b_D2A
                0x0000000000408a20                __strcp_D2A
 .text          0x0000000000408a50      0x340 C:/Program Files/CodeBlocks/MinGW/bin/../lib/gcc/x86_64-w64-mingw32/8.1.0/../../../../x86_64-w64-mingw32/lib/../lib/libmingwex.a(lib64_libmingwex_a-mbrtowc.o)
                0x0000000000408bd0                mbrtowc
                0x0000000000408c40                mbsrtowcs
                0x0000000000408d30                mbrlen
 .text          0x0000000000408d90       0x30 C:/Program Files/CodeBlocks/MinGW/bin/../lib/gcc/x86_64-w64-mingw32/8.1.0/../../../../x86_64-w64-mingw32/lib/../lib/libmingwex.a(lib64_libmingwex_a-strnlen.o)
                0x0000000000408d90                strnlen
 .text          0x0000000000408dc0      0x1c0 C:/Program Files/CodeBlocks/MinGW/bin/../lib/gcc/x86_64-w64-mingw32/8.1.0/../../../../x86_64-w64-mingw32/lib/../lib/libmingwex.a(lib64_libmingwex_a-wcrtomb.o)
                0x0000000000408e40                wcrtomb
                0x0000000000408e80                wcsrtombs
 .text          0x0000000000408f80       0x30 C:/Program Files/CodeBlocks/MinGW/bin/../lib/gcc/x86_64-w64-mingw32/8.1.0/../../../../x86_64-w64-mingw32/lib/../lib/libmingwex.a(lib64_libmingwex_a-wcsnlen.o)
                0x0000000000408f80                wcsnlen
 .text          0x0000000000408fb0        0x8 C:/Program Files/CodeBlocks/MinGW/bin/../lib/gcc/x86_64-w64-mingw32/8.1.0/../../../../x86_64-w64-mingw32/lib/../lib/libmsvcrt.a(duags01264.o)
                0x0000000000408fb0                wcslen
 .text          0x0000000000408fb8        0x8 C:/Program Files/CodeBlocks/MinGW/bin/../lib/gcc/x86_64-w64-mingw32/8.1.0/../../../../x86_64-w64-mingw32/lib/../lib/libmsvcrt.a(duags01243.o)
                0x0000000000408fb8                vfprintf
 .text          0x0000000000408fc0        0x8 C:/Program Files/CodeBlocks/MinGW/bin/../lib/gcc/x86_64-w64-mingw32/8.1.0/../../../../x86_64-w64-mingw32/lib/../lib/libmsvcrt.a(duags01237.o)
                0x0000000000408fc0                tolower
 .text          0x0000000000408fc8        0x8 C:/Program Files/CodeBlocks/MinGW/bin/../lib/gcc/x86_64-w64-mingw32/8.1.0/../../../../x86_64-w64-mingw32/lib/../lib/libmsvcrt.a(duags01211.o)
                0x0000000000408fc8                strncmp
 .text          0x0000000000408fd0        0x8 C:/Program Files/CodeBlocks/MinGW/bin/../lib/gcc/x86_64-w64-mingw32/8.1.0/../../../../x86_64-w64-mingw32/lib/../lib/libmsvcrt.a(duags01208.o)
                0x0000000000408fd0                strlen
 .text          0x0000000000408fd8        0x8 C:/Program Files/CodeBlocks/MinGW/bin/../lib/gcc/x86_64-w64-mingw32/8.1.0/../../../../x86_64-w64-mingw32/lib/../lib/libmsvcrt.a(duags01206.o)
                0x0000000000408fd8                strerror
 .text          0x0000000000408fe0        0x8 C:/Program Files/CodeBlocks/MinGW/bin/../lib/gcc/x86_64-w64-mingw32/8.1.0/../../../../x86_64-w64-mingw32/lib/../lib/libmsvcrt.a(duags01187.o)
                0x0000000000408fe0                signal
 .text          0x0000000000408fe8        0x8 C:/Program Files/CodeBlocks/MinGW/bin/../lib/gcc/x86_64-w64-mingw32/8.1.0/../../../../x86_64-w64-mingw32/lib/../lib/libmsvcrt.a(duags01157.o)
                0x0000000000408fe8                memcpy
 .text          0x0000000000408ff0        0x8 C:/Program Files/CodeBlocks/MinGW/bin/../lib/gcc/x86_64-w64-mingw32/8.1.0/../../../../x86_64-w64-mingw32/lib/../lib/libmsvcrt.a(duags01149.o)
                0x0000000000408ff0                malloc
 .text          0x0000000000408ff8        0x8 C:/Program Files/CodeBlocks/MinGW/bin/../lib/gcc/x86_64-w64-mingw32/8.1.0/../../../../x86_64-w64-mingw32/lib/../lib/libmsvcrt.a(duags01142.o)
                0x0000000000408ff8                localeconv
 .text          0x0000000000409000        0x8 C:/Program Files/CodeBlocks/MinGW/bin/../lib/gcc/x86_64-w64-mingw32/8.1.0/../../../../x86_64-w64-mingw32/lib/../lib/libmsvcrt.a(duags01101.o)
                0x0000000000409000                fwrite
 .text          0x0000000000409008        0x8 C:/Program Files/CodeBlocks/MinGW/bin/../lib/gcc/x86_64-w64-mingw32/8.1.0/../../../../x86_64-w64-mingw32/lib/../lib/libmsvcrt.a(duags01089.o)
                0x0000000000409008                free
 .text          0x0000000000409010        0x8 C:/Program Files/CodeBlocks/MinGW/bin/../lib/gcc/x86_64-w64-mingw32/8.1.0/../../../../x86_64-w64-mingw32/lib/../lib/libmsvcrt.a(duags01084.o)
                0x0000000000409010                fputc
 .text          0x0000000000409018        0x8 C:/Program Files/CodeBlocks/MinGW/bin/../lib/gcc/x86_64-w64-mingw32/8.1.0/../../../../x86_64-w64-mingw32/lib/../lib/libmsvcrt.a(duags01082.o)
                0x0000000000409018                fprintf
 .text          0x0000000000409020        0x8 C:/Program Files/CodeBlocks/MinGW/bin/../lib/gcc/x86_64-w64-mingw32/8.1.0/../../../../x86_64-w64-mingw32/lib/../lib/libmsvcrt.a(duags01063.o)
                0x0000000000409020                exit
 .text          0x0000000000409028        0x8 C:/Program Files/CodeBlocks/MinGW/bin/../lib/gcc/x86_64-w64-mingw32/8.1.0/../../../../x86_64-w64-mingw32/lib/../lib/libmsvcrt.a(duags01050.o)
                0x0000000000409028                calloc
 .text          0x0000000000409030        0x8 C:/Program Files/CodeBlocks/MinGW/bin/../lib/gcc/x86_64-w64-mingw32/8.1.0/../../../../x86_64-w64-mingw32/lib/../lib/libmsvcrt.a(duags01032.o)
                0x0000000000409030                abort
 .text          0x0000000000409038        0x8 C:/Program Files/CodeBlocks/MinGW/bin/../lib/gcc/x86_64-w64-mingw32/8.1.0/../../../../x86_64-w64-mingw32/lib/../lib/libmsvcrt.a(duags00614.o)
                0x0000000000409038                _onexit
 .text          0x0000000000409040        0x8 C:/Program Files/CodeBlocks/MinGW/bin/../lib/gcc/x86_64-w64-mingw32/8.1.0/../../../../x86_64-w64-mingw32/lib/../lib/libmsvcrt.a(duags00332.o)
                0x0000000000409040                _initterm
 .text          0x0000000000409048        0x8 C:/Program Files/CodeBlocks/MinGW/bin/../lib/gcc/x86_64-w64-mingw32/8.1.0/../../../../x86_64-w64-mingw32/lib/../lib/libmsvcrt.a(duags00203.o)
                0x0000000000409048                _errno
 .text          0x0000000000409050        0x8 C:/Program Files/CodeBlocks/MinGW/bin/../lib/gcc/x86_64-w64-mingw32/8.1.0/../../../../x86_64-w64-mingw32/lib/../lib/libmsvcrt.a(duags00141.o)
                0x0000000000409050                _cexit
 .text          0x0000000000409058        0x8 C:/Program Files/CodeBlocks/MinGW/bin/../lib/gcc/x86_64-w64-mingw32/8.1.0/../../../../x86_64-w64-mingw32/lib/../lib/libmsvcrt.a(duags00122.o)
                0x0000000000409058                _amsg_exit
 .text          0x0000000000409060        0x8 C:/Program Files/CodeBlocks/MinGW/bin/../lib/gcc/x86_64-w64-mingw32/8.1.0/../../../../x86_64-w64-mingw32/lib/../lib/libmsvcrt.a(duags00098.o)
                0x0000000000409060                __setusermatherr
 .text          0x0000000000409068        0x8 C:/Program Files/CodeBlocks/MinGW/bin/../lib/gcc/x86_64-w64-mingw32/8.1.0/../../../../x86_64-w64-mingw32/lib/../lib/libmsvcrt.a(duags00096.o)
                0x0000000000409068                __set_app_type
 .text          0x0000000000409070        0x8 C:/Program Files/CodeBlocks/MinGW/bin/../lib/gcc/x86_64-w64-mingw32/8.1.0/../../../../x86_64-w64-mingw32/lib/../lib/libmsvcrt.a(duags00090.o)
                0x0000000000409070                __lconv_init
 .text          0x0000000000409078        0x0 C:/Program Files/CodeBlocks/MinGW/bin/../lib/gcc/x86_64-w64-mingw32/8.1.0/../../../../x86_64-w64-mingw32/lib/../lib/libmsvcrt.a(duags00082.o)
 .text          0x0000000000409078        0x8 C:/Program Files/CodeBlocks/MinGW/bin/../lib/gcc/x86_64-w64-mingw32/8.1.0/../../../../x86_64-w64-mingw32/lib/../lib/libmsvcrt.a(duags00081.o)
                0x0000000000409078                __getmainargs
 .text          0x0000000000409080        0x8 C:/Program Files/CodeBlocks/MinGW/bin/../lib/gcc/x86_64-w64-mingw32/8.1.0/../../../../x86_64-w64-mingw32/lib/../lib/libmsvcrt.a(duags00066.o)
                0x0000000000409080                ___mb_cur_max_func
 .text          0x0000000000409088        0x8 C:/Program Files/CodeBlocks/MinGW/bin/../lib/gcc/x86_64-w64-mingw32/8.1.0/../../../../x86_64-w64-mingw32/lib/../lib/libmsvcrt.a(duags00063.o)
                0x0000000000409088                ___lc_codepage_func
 .text          0x0000000000409090        0x8 C:/Program Files/CodeBlocks/MinGW/bin/../lib/gcc/x86_64-w64-mingw32/8.1.0/../../../../x86_64-w64-mingw32/lib/../lib/libmsvcrt.a(duags00055.o)
                0x0000000000409090                __C_specific_handler
 *fill*         0x0000000000409098        0x8 
 .text          0x00000000004090a0       0x20 C:/Program Files/CodeBlocks/MinGW/bin/../lib/gcc/x86_64-w64-mingw32/8.1.0/../../../../x86_64-w64-mingw32/lib/../lib/libmsvcrt.a(lib64_libmsvcrt_os_a-acrt_iob_func.o)
                0x00000000004090a0                __acrt_iob_func
 .text          0x00000000004090c0       0x20 C:/Program Files/CodeBlocks/MinGW/bin/../lib/gcc/x86_64-w64-mingw32/8.1.0/../../../../x86_64-w64-mingw32/lib/../lib/libmsvcrt.a(lib64_libmsvcrt_os_a-invalid_parameter_handler.o)
                0x00000000004090c0                _get_invalid_parameter_handler
                0x00000000004090d0                _set_invalid_parameter_handler
 .text          0x00000000004090e0       0x10 C:/Program Files/CodeBlocks/MinGW/bin/../lib/gcc/x86_64-w64-mingw32/8.1.0/../../../../x86_64-w64-mingw32/lib/../lib/libmsvcrt.a(lib64_libmsvcrt_os_a-__p__acmdln.o)
                0x00000000004090e0                __p__acmdln
 .text          0x00000000004090f0       0x10 C:/Program Files/CodeBlocks/MinGW/bin/../lib/gcc/x86_64-w64-mingw32/8.1.0/../../../../x86_64-w64-mingw32/lib/../lib/libmsvcrt.a(lib64_libmsvcrt_os_a-__p__fmode.o)
                0x00000000004090f0                __p__fmode
 .text          0x0000000000409100        0x0 C:/Program Files/CodeBlocks/MinGW/bin/../lib/gcc/x86_64-w64-mingw32/8.1.0/../../../../x86_64-w64-mingw32/lib/../lib/libmsvcrt.a(duagh.o)
 .text          0x0000000000409100        0x0 C:/Program Files/CodeBlocks/MinGW/bin/../lib/gcc/x86_64-w64-mingw32/8.1.0/../../../../x86_64-w64-mingw32/lib/../lib/libmsvcrt.a(duags00115.o)
 .text          0x0000000000409100        0x8 C:/Program Files/CodeBlocks/MinGW/bin/../lib/gcc/x86_64-w64-mingw32/8.1.0/../../../../x86_64-w64-mingw32/lib/../lib/libmsvcrt.a(duags00083.o)
                0x0000000000409100                __iob_func
 *fill*         0x0000000000409108        0x8 
 .text          0x0000000000409110        0x0 C:/Program Files/CodeBlocks/MinGW/bin/../lib/gcc/x86_64-w64-mingw32/8.1.0/../../../../x86_64-w64-mingw32/lib/../lib/libmsvcrt.a(duagt.o)
 .text          0x0000000000409110        0x8 C:/Program Files/CodeBlocks/MinGW/bin/../lib/gcc/x86_64-w64-mingw32/8.1.0/../../../../x86_64-w64-mingw32/lib/../lib/libkernel32.a(dqifs01490.o)
                0x0000000000409110                WideCharToMultiByte
 .text          0x0000000000409118        0x8 C:/Program Files/CodeBlocks/MinGW/bin/../lib/gcc/x86_64-w64-mingw32/8.1.0/../../../../x86_64-w64-mingw32/lib/../lib/libkernel32.a(dqifs01445.o)
                0x0000000000409118                VirtualQuery
 .text          0x0000000000409120        0x8 C:/Program Files/CodeBlocks/MinGW/bin/../lib/gcc/x86_64-w64-mingw32/8.1.0/../../../../x86_64-w64-mingw32/lib/../lib/libkernel32.a(dqifs01443.o)
                0x0000000000409120                VirtualProtect
 .text          0x0000000000409128        0x8 C:/Program Files/CodeBlocks/MinGW/bin/../lib/gcc/x86_64-w64-mingw32/8.1.0/../../../../x86_64-w64-mingw32/lib/../lib/libkernel32.a(dqifs01409.o)
                0x0000000000409128                UnhandledExceptionFilter
 .text          0x0000000000409130        0x8 C:/Program Files/CodeBlocks/MinGW/bin/../lib/gcc/x86_64-w64-mingw32/8.1.0/../../../../x86_64-w64-mingw32/lib/../lib/libkernel32.a(dqifs01395.o)
                0x0000000000409130                TlsGetValue
 .text          0x0000000000409138        0x8 C:/Program Files/CodeBlocks/MinGW/bin/../lib/gcc/x86_64-w64-mingw32/8.1.0/../../../../x86_64-w64-mingw32/lib/../lib/libkernel32.a(dqifs01375.o)
                0x0000000000409138                TerminateProcess
 .text          0x0000000000409140        0x8 C:/Program Files/CodeBlocks/MinGW/bin/../lib/gcc/x86_64-w64-mingw32/8.1.0/../../../../x86_64-w64-mingw32/lib/../lib/libkernel32.a(dqifs01360.o)
                0x0000000000409140                Sleep
 .text          0x0000000000409148        0x8 C:/Program Files/CodeBlocks/MinGW/bin/../lib/gcc/x86_64-w64-mingw32/8.1.0/../../../../x86_64-w64-mingw32/lib/../lib/libkernel32.a(dqifs01346.o)
                0x0000000000409148                SetUnhandledExceptionFilter
 .text          0x0000000000409150        0x8 C:/Program Files/CodeBlocks/MinGW/bin/../lib/gcc/x86_64-w64-mingw32/8.1.0/../../../../x86_64-w64-mingw32/lib/../lib/libkernel32.a(dqifs01194.o)
                0x0000000000409150                RtlVirtualUnwind
 .text          0x0000000000409158        0x8 C:/Program Files/CodeBlocks/MinGW/bin/../lib/gcc/x86_64-w64-mingw32/8.1.0/../../../../x86_64-w64-mingw32/lib/../lib/libkernel32.a(dqifs01187.o)
                0x0000000000409158                RtlLookupFunctionEntry
 .text          0x0000000000409160        0x8 C:/Program Files/CodeBlocks/MinGW/bin/../lib/gcc/x86_64-w64-mingw32/8.1.0/../../../../x86_64-w64-mingw32/lib/../lib/libkernel32.a(dqifs01180.o)
                0x0000000000409160                RtlCaptureContext
 .text          0x0000000000409168        0x8 C:/Program Files/CodeBlocks/MinGW/bin/../lib/gcc/x86_64-w64-mingw32/8.1.0/../../../../x86_64-w64-mingw32/lib/../lib/libkernel32.a(dqifs01179.o)
                0x0000000000409168                RtlAddFunctionTable
 .text          0x0000000000409170        0x8 C:/Program Files/CodeBlocks/MinGW/bin/../lib/gcc/x86_64-w64-mingw32/8.1.0/../../../../x86_64-w64-mingw32/lib/../lib/libkernel32.a(dqifs01093.o)
                0x0000000000409170                QueryPerformanceCounter
 .text          0x0000000000409178        0x8 C:/Program Files/CodeBlocks/MinGW/bin/../lib/gcc/x86_64-w64-mingw32/8.1.0/../../../../x86_64-w64-mingw32/lib/../lib/libkernel32.a(dqifs00999.o)
                0x0000000000409178                MultiByteToWideChar
 .text          0x0000000000409180        0x8 C:/Program Files/CodeBlocks/MinGW/bin/../lib/gcc/x86_64-w64-mingw32/8.1.0/../../../../x86_64-w64-mingw32/lib/../lib/libkernel32.a(dqifs00951.o)
                0x0000000000409180                LeaveCriticalSection
 .text          0x0000000000409188        0x8 C:/Program Files/CodeBlocks/MinGW/bin/../lib/gcc/x86_64-w64-mingw32/8.1.0/../../../../x86_64-w64-mingw32/lib/../lib/libkernel32.a(dqifs00889.o)
                0x0000000000409188                IsDBCSLeadByteEx
 .text          0x0000000000409190        0x8 C:/Program Files/CodeBlocks/MinGW/bin/../lib/gcc/x86_64-w64-mingw32/8.1.0/../../../../x86_64-w64-mingw32/lib/../lib/libkernel32.a(dqifs00863.o)
                0x0000000000409190                InitializeCriticalSection
 .text          0x0000000000409198        0x8 C:/Program Files/CodeBlocks/MinGW/bin/../lib/gcc/x86_64-w64-mingw32/8.1.0/../../../../x86_64-w64-mingw32/lib/../lib/libkernel32.a(dqifs00774.o)
                0x0000000000409198                GetTickCount
 .text          0x00000000004091a0        0x8 C:/Program Files/CodeBlocks/MinGW/bin/../lib/gcc/x86_64-w64-mingw32/8.1.0/../../../../x86_64-w64-mingw32/lib/../lib/libkernel32.a(dqifs00746.o)
                0x00000000004091a0                GetSystemTimeAsFileTime
 .text          0x00000000004091a8        0x8 C:/Program Files/CodeBlocks/MinGW/bin/../lib/gcc/x86_64-w64-mingw32/8.1.0/../../../../x86_64-w64-mingw32/lib/../lib/libkernel32.a(dqifs00721.o)
                0x00000000004091a8                GetStartupInfoA
 .text          0x00000000004091b0        0x8 C:/Program Files/CodeBlocks/MinGW/bin/../lib/gcc/x86_64-w64-mingw32/8.1.0/../../../../x86_64-w64-mingw32/lib/../lib/libkernel32.a(dqifs00609.o)
                0x00000000004091b0                GetLastError
 .text          0x00000000004091b8        0x8 C:/Program Files/CodeBlocks/MinGW/bin/../lib/gcc/x86_64-w64-mingw32/8.1.0/../../../../x86_64-w64-mingw32/lib/../lib/libkernel32.a(dqifs00540.o)
                0x00000000004091b8                GetCurrentThreadId
 .text          0x00000000004091c0        0x8 C:/Program Files/CodeBlocks/MinGW/bin/../lib/gcc/x86_64-w64-mingw32/8.1.0/../../../../x86_64-w64-mingw32/lib/../lib/libkernel32.a(dqifs00536.o)
                0x00000000004091c0                GetCurrentProcessId
 .text          0x00000000004091c8        0x8 C:/Program Files/CodeBlocks/MinGW/bin/../lib/gcc/x86_64-w64-mingw32/8.1.0/../../../../x86_64-w64-mingw32/lib/../lib/libkernel32.a(dqifs00535.o)
                0x00000000004091c8                GetCurrentProcess
 .text          0x00000000004091d0        0x8 C:/Program Files/CodeBlocks/MinGW/bin/../lib/gcc/x86_64-w64-mingw32/8.1.0/../../../../x86_64-w64-mingw32/lib/../lib/libkernel32.a(dqifs00304.o)
                0x00000000004091d0                EnterCriticalSection
 .text          0x00000000004091d8        0x8 C:/Program Files/CodeBlocks/MinGW/bin/../lib/gcc/x86_64-w64-mingw32/8.1.0/../../../../x86_64-w64-mingw32/lib/../lib/libkernel32.a(dqifs00268.o)
                0x00000000004091d8                DeleteCriticalSection
 .text          0x00000000004091e0        0x0 C:/Program Files/CodeBlocks/MinGW/bin/../lib/gcc/x86_64-w64-mingw32/8.1.0/../../../../x86_64-w64-mingw32/lib/../lib/libkernel32.a(dqifh.o)
 .text          0x00000000004091e0        0x0 C:/Program Files/CodeBlocks/MinGW/bin/../lib/gcc/x86_64-w64-mingw32/8.1.0/../../../../x86_64-w64-mingw32/lib/../lib/libkernel32.a(dqift.o)
 .text          0x00000000004091e0        0x0 C:/Program Files/CodeBlocks/MinGW/bin/../lib/gcc/x86_64-w64-mingw32/8.1.0/../../../../x86_64-w64-mingw32/lib/../lib/libmsvcrt.a(duags00253.o)
 .text          0x00000000004091e0        0x0 C:/Program Files/CodeBlocks/MinGW/bin/../lib/gcc/x86_64-w64-mingw32/8.1.0/crtend.o
 *(SORT_BY_NAME(.text$*))
 .text$_ZN9__gnu_cxx12__to_xstringINSt7__cxx1112basic_stringIcSt11char_traitsIcESaIcEEEcEET_PFiPT0_yPKS8_PcEySB_z
                0x00000000004091e0       0xe0 C:\Users\lenovo2\AppData\Local\Temp\ccx4C5Zz.o
                0x00000000004091e0                std::__cxx11::basic_string<char, std::char_traits<char>, std::allocator<char> > __gnu_cxx::__to_xstring<std::__cxx11::basic_string<char, std::char_traits<char>, std::allocator<char> >, char>(int (*)(char*, unsigned long long, char const*, char*), unsigned long long, char const*, ...)
 .text$_ZN9__gnu_cxx17__is_null_pointerIcEEbPT_
                0x00000000004092c0       0x20 C:\Users\lenovo2\AppData\Local\Temp\ccx4C5Zz.o
                0x00000000004092c0                bool __gnu_cxx::__is_null_pointer<char>(char*)
 .text$_ZN9__gnu_cxx17__normal_iteratorIPcNSt7__cxx1112basic_stringIcSt11char_traitsIcESaIcEEEEppEv
                0x00000000004092e0       0x20 C:\Users\lenovo2\AppData\Local\Temp\ccx4C5Zz.o
                0x00000000004092e0                __gnu_cxx::__normal_iterator<char*, std::__cxx11::basic_string<char, std::char_traits<char>, std::allocator<char> > >::operator++()
 .text$_ZN9__gnu_cxxneIPcNSt7__cxx1112basic_stringIcSt11char_traitsIcESaIcEEEEEbRKNS_17__normal_iteratorIT_T0_EESD_
                0x0000000000409300       0x40 C:\Users\lenovo2\AppData\Local\Temp\ccx4C5Zz.o
                0x0000000000409300                bool __gnu_cxx::operator!=<char*, std::__cxx11::basic_string<char, std::char_traits<char>, std::allocator<char> > >(__gnu_cxx::__normal_iterator<char*, std::__cxx11::basic_string<char, std::char_traits<char>, std::allocator<char> > > const&, __gnu_cxx::__normal_iterator<char*, std::__cxx11::basic_string<char, std::char_traits<char>, std::allocator<char> > > const&)
 .text$_ZNK9__gnu_cxx17__normal_iteratorIPcNSt7__cxx1112basic_stringIcSt11char_traitsIcESaIcEEEE4baseEv
                0x0000000000409340       0x10 C:\Users\lenovo2\AppData\Local\Temp\ccx4C5Zz.o
                0x0000000000409340                __gnu_cxx::__normal_iterator<char*, std::__cxx11::basic_string<char, std::char_traits<char>, std::allocator<char> > >::base() const
 .text$_ZNK9__gnu_cxx17__normal_iteratorIPcNSt7__cxx1112basic_stringIcSt11char_traitsIcESaIcEEEEdeEv
                0x0000000000409350       0x20 C:\Users\lenovo2\AppData\Local\Temp\ccx4C5Zz.o
                0x0000000000409350                __gnu_cxx::__normal_iterator<char*, std::__cxx11::basic_string<char, std::char_traits<char>, std::allocator<char> > >::operator*() const
 .text$_ZNSt7__cxx1112basic_stringIcSt11char_traitsIcESaIcEE12_Alloc_hiderD1Ev
                0x0000000000409370       0x20 C:\Users\lenovo2\AppData\Local\Temp\ccx4C5Zz.o
                0x0000000000409370                std::__cxx11::basic_string<char, std::char_traits<char>, std::allocator<char> >::_Alloc_hider::~_Alloc_hider()
 .text$_ZNSt7__cxx1112basic_stringIcSt11char_traitsIcESaIcEE12_M_constructIPcEEvT_S7_
                0x0000000000409390       0x40 C:\Users\lenovo2\AppData\Local\Temp\ccx4C5Zz.o
                0x0000000000409390                void std::__cxx11::basic_string<char, std::char_traits<char>, std::allocator<char> >::_M_construct<char*>(char*, char*)
 .text$_ZNSt7__cxx1112basic_stringIcSt11char_traitsIcESaIcEE12_M_constructIPcEEvT_S7_St20forward_iterator_tag
                0x00000000004093d0      0x110 C:\Users\lenovo2\AppData\Local\Temp\ccx4C5Zz.o
                0x00000000004093d0                void std::__cxx11::basic_string<char, std::char_traits<char>, std::allocator<char> >::_M_construct<char*>(char*, char*, std::forward_iterator_tag)
 .text$_ZNSt7__cxx1112basic_stringIcSt11char_traitsIcESaIcEE16_M_construct_auxIPcEEvT_S7_St12__false_type
                0x00000000004094e0       0x40 C:\Users\lenovo2\AppData\Local\Temp\ccx4C5Zz.o
                0x00000000004094e0                void std::__cxx11::basic_string<char, std::char_traits<char>, std::allocator<char> >::_M_construct_aux<char*>(char*, char*, std::__false_type)
 .text$_ZNSt7__cxx1112basic_stringIcSt11char_traitsIcESaIcEEC1IPcvEET_S7_RKS3_
                0x0000000000409520       0x80 C:\Users\lenovo2\AppData\Local\Temp\ccx4C5Zz.o
                0x0000000000409520                std::__cxx11::basic_string<char, std::char_traits<char>, std::allocator<char> >::basic_string<char*, void>(char*, char*, std::allocator<char> const&)
 .text$_ZNSt7__cxx119to_stringEi
                0x00000000004095a0       0x40 C:\Users\lenovo2\AppData\Local\Temp\ccx4C5Zz.o
                0x00000000004095a0                std::__cxx11::to_string(int)
 .text$_ZSt10__distanceIPcENSt15iterator_traitsIT_E15difference_typeES2_S2_St26random_access_iterator_tag
                0x00000000004095e0       0x20 C:\Users\lenovo2\AppData\Local\Temp\ccx4C5Zz.o
                0x00000000004095e0                std::iterator_traits<char*>::difference_type std::__distance<char*>(char*, char*, std::random_access_iterator_tag)
 .text$_ZSt19__iterator_categoryIPcENSt15iterator_traitsIT_E17iterator_categoryERKS2_
                0x0000000000409600       0x10 C:\Users\lenovo2\AppData\Local\Temp\ccx4C5Zz.o
                0x0000000000409600                std::iterator_traits<char*>::iterator_category std::__iterator_category<char*>(char* const&)
 .text$_ZSt4moveIRNSt7__cxx1112basic_stringIcSt11char_traitsIcESaIcEEEEONSt16remove_referenceIT_E4typeEOS8_
                0x0000000000409610       0x10 C:\Users\lenovo2\AppData\Local\Temp\ccx4C5Zz.o
                0x0000000000409610                std::remove_reference<std::__cxx11::basic_string<char, std::char_traits<char>, std::allocator<char> >&>::type&& std::move<std::__cxx11::basic_string<char, std::char_traits<char>, std::allocator<char> >&>(std::__cxx11::basic_string<char, std::char_traits<char>, std::allocator<char> >&)
 .text$_ZSt8distanceIPcENSt15iterator_traitsIT_E15difference_typeES2_S2_
                0x0000000000409620       0x40 C:\Users\lenovo2\AppData\Local\Temp\ccx4C5Zz.o
                0x0000000000409620                std::iterator_traits<char*>::difference_type std::distance<char*>(char*, char*)
 .text$_ZSt9transformIN9__gnu_cxx17__normal_iteratorIPcNSt7__cxx1112basic_stringIcSt11char_traitsIcESaIcEEEEES9_PFiiEET0_T_SD_SC_T1_
                0x0000000000409660       0x80 C:\Users\lenovo2\AppData\Local\Temp\ccx4C5Zz.o
                0x0000000000409660                __gnu_cxx::__normal_iterator<char*, std::__cxx11::basic_string<char, std::char_traits<char>, std::allocator<char> > > std::transform<__gnu_cxx::__normal_iterator<char*, std::__cxx11::basic_string<char, std::char_traits<char>, std::allocator<char> > >, __gnu_cxx::__normal_iterator<char*, std::__cxx11::basic_string<char, std::char_traits<char>, std::allocator<char> > >, int (*)(int)>(__gnu_cxx::__normal_iterator<char*, std::__cxx11::basic_string<char, std::char_traits<char>, std::allocator<char> > >, __gnu_cxx::__normal_iterator<char*, std::__cxx11::basic_string<char, std::char_traits<char>, std::allocator<char> > >, __gnu_cxx::__normal_iterator<char*, std::__cxx11::basic_string<char, std::char_traits<char>, std::allocator<char> > >, int (*)(int))
 .text$_ZSteqIcSt11char_traitsIcESaIcEEbRKNSt7__cxx1112basic_stringIT_T0_T1_EEPKS5_
                0x00000000004096e0       0x30 C:\Users\lenovo2\AppData\Local\Temp\ccx4C5Zz.o
                0x00000000004096e0                bool std::operator==<char, std::char_traits<char>, std::allocator<char> >(std::__cxx11::basic_string<char, std::char_traits<char>, std::allocator<char> > const&, char const*)
 .text$_ZStorSt13_Ios_OpenmodeS_
                0x0000000000409710       0x20 C:\Users\lenovo2\AppData\Local\Temp\ccx4C5Zz.o
                0x0000000000409710                std::operator|(std::_Ios_Openmode, std::_Ios_Openmode)
 .text$_ZStplIcSt11char_traitsIcESaIcEENSt7__cxx1112basic_stringIT_T0_T1_EEOS8_PKS5_
                0x0000000000409730       0x50 C:\Users\lenovo2\AppData\Local\Temp\ccx4C5Zz.o
                0x0000000000409730                std::__cxx11::basic_string<char, std::char_traits<char>, std::allocator<char> > std::operator+<char, std::char_traits<char>, std::allocator<char> >(std::__cxx11::basic_string<char, std::char_traits<char>, std::allocator<char> >&&, char const*)
 .text$_ZStplIcSt11char_traitsIcESaIcEENSt7__cxx1112basic_stringIT_T0_T1_EEOS8_S9_
                0x0000000000409780       0xd0 C:\Users\lenovo2\AppData\Local\Temp\ccx4C5Zz.o
                0x0000000000409780                std::__cxx11::basic_string<char, std::char_traits<char>, std::allocator<char> > std::operator+<char, std::char_traits<char>, std::allocator<char> >(std::__cxx11::basic_string<char, std::char_traits<char>, std::allocator<char> >&&, std::__cxx11::basic_string<char, std::char_traits<char>, std::allocator<char> >&&)
 .text$_ZStplIcSt11char_traitsIcESaIcEENSt7__cxx1112basic_stringIT_T0_T1_EEPKS5_OS8_
                0x0000000000409850       0x50 C:\Users\lenovo2\AppData\Local\Temp\ccx4C5Zz.o
                0x0000000000409850                std::__cxx11::basic_string<char, std::char_traits<char>, std::allocator<char> > std::operator+<char, std::char_traits<char>, std::allocator<char> >(char const*, std::__cxx11::basic_string<char, std::char_traits<char>, std::allocator<char> >&&)
 *(.text.*)
 .text.unlikely
                0x00000000004098a0       0x70 C:/Program Files/CodeBlocks/MinGW/bin/../lib/gcc/x86_64-w64-mingw32/8.1.0/../../../../x86_64-w64-mingw32/lib/../lib/libmingw32.a(lib64_libmingw32_a-pseudo-reloc.o)
 .text.startup  0x0000000000409910       0x10 C:/Program Files/CodeBlocks/MinGW/bin/../lib/gcc/x86_64-w64-mingw32/8.1.0/crtend.o
 *(.gnu.linkonce.t.*)
 *(.glue_7t)
 *(.glue_7)
                0x0000000000409920                . = ALIGN (0x8)
                0x0000000000409920                ___CTOR_LIST__ = .
                0x0000000000409920                __CTOR_LIST__ = .
                0x0000000000409920        0x4 LONG 0xffffffffffffffff
                0x0000000000409924        0x4 LONG 0xffffffffffffffff
 *(.ctors)
 .ctors         0x0000000000409928        0x8 C:\Users\lenovo2\AppData\Local\Temp\ccx4C5Zz.o
 *(.ctor)
 *(SORT_BY_NAME(.ctors.*))
 .ctors.65535   0x0000000000409930        0x8 C:/Program Files/CodeBlocks/MinGW/bin/../lib/gcc/x86_64-w64-mingw32/8.1.0/crtend.o
                0x0000000000409938        0x4 LONG 0x0
                0x000000000040993c        0x4 LONG 0x0
                0x0000000000409940                ___DTOR_LIST__ = .
                0x0000000000409940                __DTOR_LIST__ = .
                0x0000000000409940        0x4 LONG 0xffffffffffffffff
                0x0000000000409944        0x4 LONG 0xffffffffffffffff
 *(.dtors)
 *(.dtor)
 *(SORT_BY_NAME(.dtors.*))
                0x0000000000409948        0x4 LONG 0x0
                0x000000000040994c        0x4 LONG 0x0
 *(.fini)
 *(.gcc_exc)
                [!provide]                        PROVIDE (etext = .)
 *(.gcc_except_table)

.data           0x000000000040a000      0x200
                0x000000000040a000                __data_start__ = .
 *(.data)
 .data          0x000000000040a000       0x10 C:/Program Files/CodeBlocks/MinGW/bin/../lib/gcc/x86_64-w64-mingw32/8.1.0/../../../../x86_64-w64-mingw32/lib/../lib/crt2.o
                0x000000000040a000                __mingw_winmain_nShowCmd
 .data          0x000000000040a010        0x0 C:/Program Files/CodeBlocks/MinGW/bin/../lib/gcc/x86_64-w64-mingw32/8.1.0/crtbegin.o
 .data          0x000000000040a010        0x0 C:\Users\lenovo2\AppData\Local\Temp\ccx4C5Zz.o
 .data          0x000000000040a010       0x10 C:/Program Files/CodeBlocks/MinGW/bin/../lib/gcc/x86_64-w64-mingw32/8.1.0/../../../../x86_64-w64-mingw32/lib/../lib/libmingw32.a(lib64_libmingw32_a-gccmain.o)
 .data          0x000000000040a020       0x10 C:/Program Files/CodeBlocks/MinGW/bin/../lib/gcc/x86_64-w64-mingw32/8.1.0/../../../../x86_64-w64-mingw32/lib/../lib/libmingw32.a(lib64_libmingw32_a-natstart.o)
                0x000000000040a020                __native_vcclrit_reason
                0x000000000040a024                __native_dllmain_reason
 .data          0x000000000040a030       0x10 C:/Program Files/CodeBlocks/MinGW/bin/../lib/gcc/x86_64-w64-mingw32/8.1.0/../../../../x86_64-w64-mingw32/lib/../lib/libmingw32.a(lib64_libmingw32_a-wildcard.o)
                0x000000000040a030                _dowildcard
 .data          0x000000000040a040       0x10 C:/Program Files/CodeBlocks/MinGW/bin/../lib/gcc/x86_64-w64-mingw32/8.1.0/../../../../x86_64-w64-mingw32/lib/../lib/libmingw32.a(lib64_libmingw32_a-charmax.o)
                0x000000000040a040                _charmax
 .data          0x000000000040a050        0x0 C:/Program Files/CodeBlocks/MinGW/bin/../lib/gcc/x86_64-w64-mingw32/8.1.0/../../../../x86_64-w64-mingw32/lib/../lib/libmingw32.a(lib64_libmingw32_a-dllargv.o)
 .data          0x000000000040a050        0x0 C:/Program Files/CodeBlocks/MinGW/bin/../lib/gcc/x86_64-w64-mingw32/8.1.0/../../../../x86_64-w64-mingw32/lib/../lib/libmingw32.a(lib64_libmingw32_a-gs_support.o)
 .data          0x000000000040a050        0x0 C:/Program Files/CodeBlocks/MinGW/bin/../lib/gcc/x86_64-w64-mingw32/8.1.0/../../../../x86_64-w64-mingw32/lib/../lib/libmingw32.a(lib64_libmingw32_a-_newmode.o)
 .data          0x000000000040a050        0x0 C:/Program Files/CodeBlocks/MinGW/bin/../lib/gcc/x86_64-w64-mingw32/8.1.0/../../../../x86_64-w64-mingw32/lib/../lib/libmingw32.a(lib64_libmingw32_a-tlssup.o)
 .data          0x000000000040a050        0x0 C:/Program Files/CodeBlocks/MinGW/bin/../lib/gcc/x86_64-w64-mingw32/8.1.0/../../../../x86_64-w64-mingw32/lib/../lib/libmingw32.a(lib64_libmingw32_a-cinitexe.o)
 .data          0x000000000040a050        0x0 C:/Program Files/CodeBlocks/MinGW/bin/../lib/gcc/x86_64-w64-mingw32/8.1.0/../../../../x86_64-w64-mingw32/lib/../lib/libmingw32.a(lib64_libmingw32_a-merr.o)
 .data          0x000000000040a050        0x0 C:/Program Files/CodeBlocks/MinGW/bin/../lib/gcc/x86_64-w64-mingw32/8.1.0/../../../../x86_64-w64-mingw32/lib/../lib/libmingw32.a(lib64_libmingw32_a-CRT_fp10.o)
 .data          0x000000000040a050        0x0 C:/Program Files/CodeBlocks/MinGW/bin/../lib/gcc/x86_64-w64-mingw32/8.1.0/../../../../x86_64-w64-mingw32/lib/../lib/libmingw32.a(lib64_libmingw32_a-mingw_helpers.o)
 .data          0x000000000040a050        0x0 C:/Program Files/CodeBlocks/MinGW/bin/../lib/gcc/x86_64-w64-mingw32/8.1.0/../../../../x86_64-w64-mingw32/lib/../lib/libmingw32.a(lib64_libmingw32_a-pseudo-reloc.o)
 .data          0x000000000040a050        0x0 C:/Program Files/CodeBlocks/MinGW/bin/../lib/gcc/x86_64-w64-mingw32/8.1.0/../../../../x86_64-w64-mingw32/lib/../lib/libmingw32.a(lib64_libmingw32_a-xtxtmode.o)
 .data          0x000000000040a050        0x0 C:/Program Files/CodeBlocks/MinGW/bin/../lib/gcc/x86_64-w64-mingw32/8.1.0/../../../../x86_64-w64-mingw32/lib/../lib/libmingw32.a(lib64_libmingw32_a-crt_handler.o)
 .data          0x000000000040a050        0x0 C:/Program Files/CodeBlocks/MinGW/bin/../lib/gcc/x86_64-w64-mingw32/8.1.0/../../../../x86_64-w64-mingw32/lib/../lib/libmingw32.a(lib64_libmingw32_a-tlsthrd.o)
 .data          0x000000000040a050       0x10 C:/Program Files/CodeBlocks/MinGW/bin/../lib/gcc/x86_64-w64-mingw32/8.1.0/../../../../x86_64-w64-mingw32/lib/../lib/libmingw32.a(lib64_libmingw32_a-tlsmcrt.o)
                0x000000000040a050                _CRT_MT
 .data          0x000000000040a060        0x0 C:/Program Files/CodeBlocks/MinGW/bin/../lib/gcc/x86_64-w64-mingw32/8.1.0/../../../../x86_64-w64-mingw32/lib/../lib/libmingw32.a(lib64_libmingw32_a-pseudo-reloc-list.o)
 .data          0x000000000040a060        0x0 C:/Program Files/CodeBlocks/MinGW/bin/../lib/gcc/x86_64-w64-mingw32/8.1.0/../../../../x86_64-w64-mingw32/lib/../lib/libmingw32.a(lib64_libmingw32_a-pesect.o)
 .data          0x000000000040a060        0x0 C:/Program Files/CodeBlocks/MinGW/bin/../lib/gcc/x86_64-w64-mingw32/8.1.0/libgcc.a(_chkstk_ms.o)
 .data          0x000000000040a060        0x0 C:/Program Files/CodeBlocks/MinGW/bin/../lib/gcc/x86_64-w64-mingw32/8.1.0/libgcc.a(_ctors.o)
 .data          0x000000000040a060       0x10 C:/Program Files/CodeBlocks/MinGW/bin/../lib/gcc/x86_64-w64-mingw32/8.1.0/../../../../x86_64-w64-mingw32/lib/../lib/libmingwex.a(lib64_libmingwex_a-mingw_matherr.o)
                0x000000000040a060                _MINGW_INSTALL_DEBUG_MATHERR
 .data          0x000000000040a070        0x0 C:/Program Files/CodeBlocks/MinGW/bin/../lib/gcc/x86_64-w64-mingw32/8.1.0/../../../../x86_64-w64-mingw32/lib/../lib/libmingwex.a(lib64_libmingwex_a-mingw_vsnprintf.o)
 .data          0x000000000040a070       0x20 C:/Program Files/CodeBlocks/MinGW/bin/../lib/gcc/x86_64-w64-mingw32/8.1.0/../../../../x86_64-w64-mingw32/lib/../lib/libmingwex.a(lib64_libmingwex_a-mingw_pformat.o)
 .data          0x000000000040a090        0x0 C:/Program Files/CodeBlocks/MinGW/bin/../lib/gcc/x86_64-w64-mingw32/8.1.0/../../../../x86_64-w64-mingw32/lib/../lib/libmingwex.a(lib64_libmingwex_a-dmisc.o)
 .data          0x000000000040a090        0x0 C:/Program Files/CodeBlocks/MinGW/bin/../lib/gcc/x86_64-w64-mingw32/8.1.0/../../../../x86_64-w64-mingw32/lib/../lib/libmingwex.a(lib64_libmingwex_a-gdtoa.o)
 .data          0x000000000040a090        0x0 C:/Program Files/CodeBlocks/MinGW/bin/../lib/gcc/x86_64-w64-mingw32/8.1.0/../../../../x86_64-w64-mingw32/lib/../lib/libmingwex.a(lib64_libmingwex_a-gmisc.o)
 .data          0x000000000040a090       0x10 C:/Program Files/CodeBlocks/MinGW/bin/../lib/gcc/x86_64-w64-mingw32/8.1.0/../../../../x86_64-w64-mingw32/lib/../lib/libmingwex.a(lib64_libmingwex_a-misc.o)
 .data          0x000000000040a0a0        0x0 C:/Program Files/CodeBlocks/MinGW/bin/../lib/gcc/x86_64-w64-mingw32/8.1.0/../../../../x86_64-w64-mingw32/lib/../lib/libmingwex.a(lib64_libmingwex_a-mbrtowc.o)
 .data          0x000000000040a0a0        0x0 C:/Program Files/CodeBlocks/MinGW/bin/../lib/gcc/x86_64-w64-mingw32/8.1.0/../../../../x86_64-w64-mingw32/lib/../lib/libmingwex.a(lib64_libmingwex_a-strnlen.o)
 .data          0x000000000040a0a0        0x0 C:/Program Files/CodeBlocks/MinGW/bin/../lib/gcc/x86_64-w64-mingw32/8.1.0/../../../../x86_64-w64-mingw32/lib/../lib/libmingwex.a(lib64_libmingwex_a-wcrtomb.o)
 .data          0x000000000040a0a0        0x0 C:/Program Files/CodeBlocks/MinGW/bin/../lib/gcc/x86_64-w64-mingw32/8.1.0/../../../../x86_64-w64-mingw32/lib/../lib/libmingwex.a(lib64_libmingwex_a-wcsnlen.o)
 .data          0x000000000040a0a0        0x0 C:/Program Files/CodeBlocks/MinGW/bin/../lib/gcc/x86_64-w64-mingw32/8.1.0/../../../../x86_64-w64-mingw32/lib/../lib/libmsvcrt.a(duags01264.o)
 .data          0x000000000040a0a0        0x0 C:/Program Files/CodeBlocks/MinGW/bin/../lib/gcc/x86_64-w64-mingw32/8.1.0/../../../../x86_64-w64-mingw32/lib/../lib/libmsvcrt.a(duags01243.o)
 .data          0x000000000040a0a0        0x0 C:/Program Files/CodeBlocks/MinGW/bin/../lib/gcc/x86_64-w64-mingw32/8.1.0/../../../../x86_64-w64-mingw32/lib/../lib/libmsvcrt.a(duags01237.o)
 .data          0x000000000040a0a0        0x0 C:/Program Files/CodeBlocks/MinGW/bin/../lib/gcc/x86_64-w64-mingw32/8.1.0/../../../../x86_64-w64-mingw32/lib/../lib/libmsvcrt.a(duags01211.o)
 .data          0x000000000040a0a0        0x0 C:/Program Files/CodeBlocks/MinGW/bin/../lib/gcc/x86_64-w64-mingw32/8.1.0/../../../../x86_64-w64-mingw32/lib/../lib/libmsvcrt.a(duags01208.o)
 .data          0x000000000040a0a0        0x0 C:/Program Files/CodeBlocks/MinGW/bin/../lib/gcc/x86_64-w64-mingw32/8.1.0/../../../../x86_64-w64-mingw32/lib/../lib/libmsvcrt.a(duags01206.o)
 .data          0x000000000040a0a0        0x0 C:/Program Files/CodeBlocks/MinGW/bin/../lib/gcc/x86_64-w64-mingw32/8.1.0/../../../../x86_64-w64-mingw32/lib/../lib/libmsvcrt.a(duags01187.o)
 .data          0x000000000040a0a0        0x0 C:/Program Files/CodeBlocks/MinGW/bin/../lib/gcc/x86_64-w64-mingw32/8.1.0/../../../../x86_64-w64-mingw32/lib/../lib/libmsvcrt.a(duags01157.o)
 .data          0x000000000040a0a0        0x0 C:/Program Files/CodeBlocks/MinGW/bin/../lib/gcc/x86_64-w64-mingw32/8.1.0/../../../../x86_64-w64-mingw32/lib/../lib/libmsvcrt.a(duags01149.o)
 .data          0x000000000040a0a0        0x0 C:/Program Files/CodeBlocks/MinGW/bin/../lib/gcc/x86_64-w64-mingw32/8.1.0/../../../../x86_64-w64-mingw32/lib/../lib/libmsvcrt.a(duags01142.o)
 .data          0x000000000040a0a0        0x0 C:/Program Files/CodeBlocks/MinGW/bin/../lib/gcc/x86_64-w64-mingw32/8.1.0/../../../../x86_64-w64-mingw32/lib/../lib/libmsvcrt.a(duags01101.o)
 .data          0x000000000040a0a0        0x0 C:/Program Files/CodeBlocks/MinGW/bin/../lib/gcc/x86_64-w64-mingw32/8.1.0/../../../../x86_64-w64-mingw32/lib/../lib/libmsvcrt.a(duags01089.o)
 .data          0x000000000040a0a0        0x0 C:/Program Files/CodeBlocks/MinGW/bin/../lib/gcc/x86_64-w64-mingw32/8.1.0/../../../../x86_64-w64-mingw32/lib/../lib/libmsvcrt.a(duags01084.o)
 .data          0x000000000040a0a0        0x0 C:/Program Files/CodeBlocks/MinGW/bin/../lib/gcc/x86_64-w64-mingw32/8.1.0/../../../../x86_64-w64-mingw32/lib/../lib/libmsvcrt.a(duags01082.o)
 .data          0x000000000040a0a0        0x0 C:/Program Files/CodeBlocks/MinGW/bin/../lib/gcc/x86_64-w64-mingw32/8.1.0/../../../../x86_64-w64-mingw32/lib/../lib/libmsvcrt.a(duags01063.o)
 .data          0x000000000040a0a0        0x0 C:/Program Files/CodeBlocks/MinGW/bin/../lib/gcc/x86_64-w64-mingw32/8.1.0/../../../../x86_64-w64-mingw32/lib/../lib/libmsvcrt.a(duags01050.o)
 .data          0x000000000040a0a0        0x0 C:/Program Files/CodeBlocks/MinGW/bin/../lib/gcc/x86_64-w64-mingw32/8.1.0/../../../../x86_64-w64-mingw32/lib/../lib/libmsvcrt.a(duags01032.o)
 .data          0x000000000040a0a0        0x0 C:/Program Files/CodeBlocks/MinGW/bin/../lib/gcc/x86_64-w64-mingw32/8.1.0/../../../../x86_64-w64-mingw32/lib/../lib/libmsvcrt.a(duags00614.o)
 .data          0x000000000040a0a0        0x0 C:/Program Files/CodeBlocks/MinGW/bin/../lib/gcc/x86_64-w64-mingw32/8.1.0/../../../../x86_64-w64-mingw32/lib/../lib/libmsvcrt.a(duags00332.o)
 .data          0x000000000040a0a0        0x0 C:/Program Files/CodeBlocks/MinGW/bin/../lib/gcc/x86_64-w64-mingw32/8.1.0/../../../../x86_64-w64-mingw32/lib/../lib/libmsvcrt.a(duags00203.o)
 .data          0x000000000040a0a0        0x0 C:/Program Files/CodeBlocks/MinGW/bin/../lib/gcc/x86_64-w64-mingw32/8.1.0/../../../../x86_64-w64-mingw32/lib/../lib/libmsvcrt.a(duags00141.o)
 .data          0x000000000040a0a0        0x0 C:/Program Files/CodeBlocks/MinGW/bin/../lib/gcc/x86_64-w64-mingw32/8.1.0/../../../../x86_64-w64-mingw32/lib/../lib/libmsvcrt.a(duags00122.o)
 .data          0x000000000040a0a0        0x0 C:/Program Files/CodeBlocks/MinGW/bin/../lib/gcc/x86_64-w64-mingw32/8.1.0/../../../../x86_64-w64-mingw32/lib/../lib/libmsvcrt.a(duags00098.o)
 .data          0x000000000040a0a0        0x0 C:/Program Files/CodeBlocks/MinGW/bin/../lib/gcc/x86_64-w64-mingw32/8.1.0/../../../../x86_64-w64-mingw32/lib/../lib/libmsvcrt.a(duags00096.o)
 .data          0x000000000040a0a0        0x0 C:/Program Files/CodeBlocks/MinGW/bin/../lib/gcc/x86_64-w64-mingw32/8.1.0/../../../../x86_64-w64-mingw32/lib/../lib/libmsvcrt.a(duags00090.o)
 .data          0x000000000040a0a0        0x0 C:/Program Files/CodeBlocks/MinGW/bin/../lib/gcc/x86_64-w64-mingw32/8.1.0/../../../../x86_64-w64-mingw32/lib/../lib/libmsvcrt.a(duags00082.o)
 .data          0x000000000040a0a0        0x0 C:/Program Files/CodeBlocks/MinGW/bin/../lib/gcc/x86_64-w64-mingw32/8.1.0/../../../../x86_64-w64-mingw32/lib/../lib/libmsvcrt.a(duags00081.o)
 .data          0x000000000040a0a0        0x0 C:/Program Files/CodeBlocks/MinGW/bin/../lib/gcc/x86_64-w64-mingw32/8.1.0/../../../../x86_64-w64-mingw32/lib/../lib/libmsvcrt.a(duags00066.o)
 .data          0x000000000040a0a0        0x0 C:/Program Files/CodeBlocks/MinGW/bin/../lib/gcc/x86_64-w64-mingw32/8.1.0/../../../../x86_64-w64-mingw32/lib/../lib/libmsvcrt.a(duags00063.o)
 .data          0x000000000040a0a0        0x0 C:/Program Files/CodeBlocks/MinGW/bin/../lib/gcc/x86_64-w64-mingw32/8.1.0/../../../../x86_64-w64-mingw32/lib/../lib/libmsvcrt.a(duags00055.o)
 .data          0x000000000040a0a0       0x10 C:/Program Files/CodeBlocks/MinGW/bin/../lib/gcc/x86_64-w64-mingw32/8.1.0/../../../../x86_64-w64-mingw32/lib/../lib/libmsvcrt.a(lib64_libmsvcrt_os_a-acrt_iob_func.o)
                0x000000000040a0a0                __imp___acrt_iob_func
 .data          0x000000000040a0b0       0x10 C:/Program Files/CodeBlocks/MinGW/bin/../lib/gcc/x86_64-w64-mingw32/8.1.0/../../../../x86_64-w64-mingw32/lib/../lib/libmsvcrt.a(lib64_libmsvcrt_os_a-invalid_parameter_handler.o)
                0x000000000040a0b0                __imp__get_invalid_parameter_handler
                0x000000000040a0b8                __imp__set_invalid_parameter_handler
 .data          0x000000000040a0c0       0x10 C:/Program Files/CodeBlocks/MinGW/bin/../lib/gcc/x86_64-w64-mingw32/8.1.0/../../../../x86_64-w64-mingw32/lib/../lib/libmsvcrt.a(lib64_libmsvcrt_os_a-__p__acmdln.o)
                0x000000000040a0c0                __imp___p__acmdln
 .data          0x000000000040a0d0       0x10 C:/Program Files/CodeBlocks/MinGW/bin/../lib/gcc/x86_64-w64-mingw32/8.1.0/../../../../x86_64-w64-mingw32/lib/../lib/libmsvcrt.a(lib64_libmsvcrt_os_a-__p__fmode.o)
                0x000000000040a0d0                __imp___p__fmode
 .data          0x000000000040a0e0        0x0 C:/Program Files/CodeBlocks/MinGW/bin/../lib/gcc/x86_64-w64-mingw32/8.1.0/../../../../x86_64-w64-mingw32/lib/../lib/libmsvcrt.a(duagh.o)
 .data          0x000000000040a0e0        0x0 C:/Program Files/CodeBlocks/MinGW/bin/../lib/gcc/x86_64-w64-mingw32/8.1.0/../../../../x86_64-w64-mingw32/lib/../lib/libmsvcrt.a(duags00115.o)
 .data          0x000000000040a0e0        0x0 C:/Program Files/CodeBlocks/MinGW/bin/../lib/gcc/x86_64-w64-mingw32/8.1.0/../../../../x86_64-w64-mingw32/lib/../lib/libmsvcrt.a(duags00083.o)
 .data          0x000000000040a0e0        0x0 C:/Program Files/CodeBlocks/MinGW/bin/../lib/gcc/x86_64-w64-mingw32/8.1.0/../../../../x86_64-w64-mingw32/lib/../lib/libmsvcrt.a(duagt.o)
 .data          0x000000000040a0e0        0x0 C:/Program Files/CodeBlocks/MinGW/bin/../lib/gcc/x86_64-w64-mingw32/8.1.0/../../../../x86_64-w64-mingw32/lib/../lib/libkernel32.a(dqifs01490.o)
 .data          0x000000000040a0e0        0x0 C:/Program Files/CodeBlocks/MinGW/bin/../lib/gcc/x86_64-w64-mingw32/8.1.0/../../../../x86_64-w64-mingw32/lib/../lib/libkernel32.a(dqifs01445.o)
 .data          0x000000000040a0e0        0x0 C:/Program Files/CodeBlocks/MinGW/bin/../lib/gcc/x86_64-w64-mingw32/8.1.0/../../../../x86_64-w64-mingw32/lib/../lib/libkernel32.a(dqifs01443.o)
 .data          0x000000000040a0e0        0x0 C:/Program Files/CodeBlocks/MinGW/bin/../lib/gcc/x86_64-w64-mingw32/8.1.0/../../../../x86_64-w64-mingw32/lib/../lib/libkernel32.a(dqifs01409.o)
 .data          0x000000000040a0e0        0x0 C:/Program Files/CodeBlocks/MinGW/bin/../lib/gcc/x86_64-w64-mingw32/8.1.0/../../../../x86_64-w64-mingw32/lib/../lib/libkernel32.a(dqifs01395.o)
 .data          0x000000000040a0e0        0x0 C:/Program Files/CodeBlocks/MinGW/bin/../lib/gcc/x86_64-w64-mingw32/8.1.0/../../../../x86_64-w64-mingw32/lib/../lib/libkernel32.a(dqifs01375.o)
 .data          0x000000000040a0e0        0x0 C:/Program Files/CodeBlocks/MinGW/bin/../lib/gcc/x86_64-w64-mingw32/8.1.0/../../../../x86_64-w64-mingw32/lib/../lib/libkernel32.a(dqifs01360.o)
 .data          0x000000000040a0e0        0x0 C:/Program Files/CodeBlocks/MinGW/bin/../lib/gcc/x86_64-w64-mingw32/8.1.0/../../../../x86_64-w64-mingw32/lib/../lib/libkernel32.a(dqifs01346.o)
 .data          0x000000000040a0e0        0x0 C:/Program Files/CodeBlocks/MinGW/bin/../lib/gcc/x86_64-w64-mingw32/8.1.0/../../../../x86_64-w64-mingw32/lib/../lib/libkernel32.a(dqifs01194.o)
 .data          0x000000000040a0e0        0x0 C:/Program Files/CodeBlocks/MinGW/bin/../lib/gcc/x86_64-w64-mingw32/8.1.0/../../../../x86_64-w64-mingw32/lib/../lib/libkernel32.a(dqifs01187.o)
 .data          0x000000000040a0e0        0x0 C:/Program Files/CodeBlocks/MinGW/bin/../lib/gcc/x86_64-w64-mingw32/8.1.0/../../../../x86_64-w64-mingw32/lib/../lib/libkernel32.a(dqifs01180.o)
 .data          0x000000000040a0e0        0x0 C:/Program Files/CodeBlocks/MinGW/bin/../lib/gcc/x86_64-w64-mingw32/8.1.0/../../../../x86_64-w64-mingw32/lib/../lib/libkernel32.a(dqifs01179.o)
 .data          0x000000000040a0e0        0x0 C:/Program Files/CodeBlocks/MinGW/bin/../lib/gcc/x86_64-w64-mingw32/8.1.0/../../../../x86_64-w64-mingw32/lib/../lib/libkernel32.a(dqifs01093.o)
 .data          0x000000000040a0e0        0x0 C:/Program Files/CodeBlocks/MinGW/bin/../lib/gcc/x86_64-w64-mingw32/8.1.0/../../../../x86_64-w64-mingw32/lib/../lib/libkernel32.a(dqifs00999.o)
 .data          0x000000000040a0e0        0x0 C:/Program Files/CodeBlocks/MinGW/bin/../lib/gcc/x86_64-w64-mingw32/8.1.0/../../../../x86_64-w64-mingw32/lib/../lib/libkernel32.a(dqifs00951.o)
 .data          0x000000000040a0e0        0x0 C:/Program Files/CodeBlocks/MinGW/bin/../lib/gcc/x86_64-w64-mingw32/8.1.0/../../../../x86_64-w64-mingw32/lib/../lib/libkernel32.a(dqifs00889.o)
 .data          0x000000000040a0e0        0x0 C:/Program Files/CodeBlocks/MinGW/bin/../lib/gcc/x86_64-w64-mingw32/8.1.0/../../../../x86_64-w64-mingw32/lib/../lib/libkernel32.a(dqifs00863.o)
 .data          0x000000000040a0e0        0x0 C:/Program Files/CodeBlocks/MinGW/bin/../lib/gcc/x86_64-w64-mingw32/8.1.0/../../../../x86_64-w64-mingw32/lib/../lib/libkernel32.a(dqifs00774.o)
 .data          0x000000000040a0e0        0x0 C:/Program Files/CodeBlocks/MinGW/bin/../lib/gcc/x86_64-w64-mingw32/8.1.0/../../../../x86_64-w64-mingw32/lib/../lib/libkernel32.a(dqifs00746.o)
 .data          0x000000000040a0e0        0x0 C:/Program Files/CodeBlocks/MinGW/bin/../lib/gcc/x86_64-w64-mingw32/8.1.0/../../../../x86_64-w64-mingw32/lib/../lib/libkernel32.a(dqifs00721.o)
 .data          0x000000000040a0e0        0x0 C:/Program Files/CodeBlocks/MinGW/bin/../lib/gcc/x86_64-w64-mingw32/8.1.0/../../../../x86_64-w64-mingw32/lib/../lib/libkernel32.a(dqifs00609.o)
 .data          0x000000000040a0e0        0x0 C:/Program Files/CodeBlocks/MinGW/bin/../lib/gcc/x86_64-w64-mingw32/8.1.0/../../../../x86_64-w64-mingw32/lib/../lib/libkernel32.a(dqifs00540.o)
 .data          0x000000000040a0e0        0x0 C:/Program Files/CodeBlocks/MinGW/bin/../lib/gcc/x86_64-w64-mingw32/8.1.0/../../../../x86_64-w64-mingw32/lib/../lib/libkernel32.a(dqifs00536.o)
 .data          0x000000000040a0e0        0x0 C:/Program Files/CodeBlocks/MinGW/bin/../lib/gcc/x86_64-w64-mingw32/8.1.0/../../../../x86_64-w64-mingw32/lib/../lib/libkernel32.a(dqifs00535.o)
 .data          0x000000000040a0e0        0x0 C:/Program Files/CodeBlocks/MinGW/bin/../lib/gcc/x86_64-w64-mingw32/8.1.0/../../../../x86_64-w64-mingw32/lib/../lib/libkernel32.a(dqifs00304.o)
 .data          0x000000000040a0e0        0x0 C:/Program Files/CodeBlocks/MinGW/bin/../lib/gcc/x86_64-w64-mingw32/8.1.0/../../../../x86_64-w64-mingw32/lib/../lib/libkernel32.a(dqifs00268.o)
 .data          0x000000000040a0e0        0x0 C:/Program Files/CodeBlocks/MinGW/bin/../lib/gcc/x86_64-w64-mingw32/8.1.0/../../../../x86_64-w64-mingw32/lib/../lib/libkernel32.a(dqifh.o)
 .data          0x000000000040a0e0        0x0 C:/Program Files/CodeBlocks/MinGW/bin/../lib/gcc/x86_64-w64-mingw32/8.1.0/../../../../x86_64-w64-mingw32/lib/../lib/libkernel32.a(dqift.o)
 .data          0x000000000040a0e0        0x0 C:/Program Files/CodeBlocks/MinGW/bin/../lib/gcc/x86_64-w64-mingw32/8.1.0/../../../../x86_64-w64-mingw32/lib/../lib/libmsvcrt.a(duags00253.o)
 .data          0x000000000040a0e0        0x0 C:/Program Files/CodeBlocks/MinGW/bin/../lib/gcc/x86_64-w64-mingw32/8.1.0/crtend.o
 *(.data2)
 *(SORT_BY_NAME(.data$*))
 .data$__security_cookie
                0x000000000040a0e0       0x10 C:/Program Files/CodeBlocks/MinGW/bin/../lib/gcc/x86_64-w64-mingw32/8.1.0/../../../../x86_64-w64-mingw32/lib/../lib/libmingw32.a(lib64_libmingw32_a-gs_support.o)
                0x000000000040a0e0                __security_cookie
 .data$__security_cookie_complement
                0x000000000040a0f0       0x10 C:/Program Files/CodeBlocks/MinGW/bin/../lib/gcc/x86_64-w64-mingw32/8.1.0/../../../../x86_64-w64-mingw32/lib/../lib/libmingw32.a(lib64_libmingw32_a-gs_support.o)
                0x000000000040a0f0                __security_cookie_complement
 *(.jcr)
                0x000000000040a100                __data_end__ = .
 *(.data_cygwin_nocopy)

.rdata          0x000000000040b000      0xc00
 *(.rdata)
 .rdata         0x000000000040b000      0x120 C:\Users\lenovo2\AppData\Local\Temp\ccx4C5Zz.o
 .rdata         0x000000000040b120       0x10 C:/Program Files/CodeBlocks/MinGW/bin/../lib/gcc/x86_64-w64-mingw32/8.1.0/../../../../x86_64-w64-mingw32/lib/../lib/libmingw32.a(lib64_libmingw32_a-gs_support.o)
 *fill*         0x000000000040b130       0x10 
 .rdata         0x000000000040b140       0x60 C:/Program Files/CodeBlocks/MinGW/bin/../lib/gcc/x86_64-w64-mingw32/8.1.0/../../../../x86_64-w64-mingw32/lib/../lib/libmingw32.a(lib64_libmingw32_a-tlssup.o)
                0x000000000040b140                __dyn_tls_init_callback
                0x000000000040b160                _tls_used
 .rdata         0x000000000040b1a0      0x140 C:/Program Files/CodeBlocks/MinGW/bin/../lib/gcc/x86_64-w64-mingw32/8.1.0/../../../../x86_64-w64-mingw32/lib/../lib/libmingw32.a(lib64_libmingw32_a-merr.o)
 .rdata         0x000000000040b2e0      0x110 C:/Program Files/CodeBlocks/MinGW/bin/../lib/gcc/x86_64-w64-mingw32/8.1.0/../../../../x86_64-w64-mingw32/lib/../lib/libmingw32.a(lib64_libmingw32_a-pseudo-reloc.o)
 .rdata         0x000000000040b3f0       0x10 C:/Program Files/CodeBlocks/MinGW/bin/../lib/gcc/x86_64-w64-mingw32/8.1.0/../../../../x86_64-w64-mingw32/lib/../lib/libmingw32.a(lib64_libmingw32_a-crt_handler.o)
 .rdata         0x000000000040b400      0x190 C:/Program Files/CodeBlocks/MinGW/bin/../lib/gcc/x86_64-w64-mingw32/8.1.0/../../../../x86_64-w64-mingw32/lib/../lib/libmingwex.a(lib64_libmingwex_a-mingw_pformat.o)
 .rdata         0x000000000040b590       0xa0 C:/Program Files/CodeBlocks/MinGW/bin/../lib/gcc/x86_64-w64-mingw32/8.1.0/../../../../x86_64-w64-mingw32/lib/../lib/libmingwex.a(lib64_libmingwex_a-gdtoa.o)
 *fill*         0x000000000040b630       0x10 
 .rdata         0x000000000040b640      0x160 C:/Program Files/CodeBlocks/MinGW/bin/../lib/gcc/x86_64-w64-mingw32/8.1.0/../../../../x86_64-w64-mingw32/lib/../lib/libmingwex.a(lib64_libmingwex_a-misc.o)
                0x000000000040b660                __tens_D2A
                0x000000000040b720                __tinytens_D2A
                0x000000000040b760                __bigtens_D2A
 .rdata         0x000000000040b7a0        0x8 ertr000001.o
 *(SORT_BY_NAME(.rdata$*))
 *fill*         0x000000000040b7a8        0x8 
 .rdata$.refptr._CRT_MT
                0x000000000040b7b0       0x10 C:/Program Files/CodeBlocks/MinGW/bin/../lib/gcc/x86_64-w64-mingw32/8.1.0/../../../../x86_64-w64-mingw32/lib/../lib/libmingw32.a(lib64_libmingw32_a-tlssup.o)
                0x000000000040b7b0                .refptr._CRT_MT
 .rdata$.refptr._MINGW_INSTALL_DEBUG_MATHERR
                0x000000000040b7c0       0x10 C:/Program Files/CodeBlocks/MinGW/bin/../lib/gcc/x86_64-w64-mingw32/8.1.0/../../../../x86_64-w64-mingw32/lib/../lib/crt2.o
                0x000000000040b7c0                .refptr._MINGW_INSTALL_DEBUG_MATHERR
 .rdata$.refptr._ZSt3cin
                0x000000000040b7d0       0x10 C:\Users\lenovo2\AppData\Local\Temp\ccx4C5Zz.o
                0x000000000040b7d0                __fu1__ZSt3cin
                0x000000000040b7d0                .refptr._ZSt3cin
 .rdata$.refptr._ZSt4cout
                0x000000000040b7e0       0x10 C:\Users\lenovo2\AppData\Local\Temp\ccx4C5Zz.o
                0x000000000040b7e0                __fu0__ZSt4cout
                0x000000000040b7e0                .refptr._ZSt4cout
 .rdata$.refptr._ZSt4endlIcSt11char_traitsIcEERSt13basic_ostreamIT_T0_ES6_
                0x000000000040b7f0       0x10 C:\Users\lenovo2\AppData\Local\Temp\ccx4C5Zz.o
                0x000000000040b7f0                .refptr._ZSt4endlIcSt11char_traitsIcEERSt13basic_ostreamIT_T0_ES6_
 .rdata$.refptr.__CTOR_LIST__
                0x000000000040b800       0x10 C:/Program Files/CodeBlocks/MinGW/bin/../lib/gcc/x86_64-w64-mingw32/8.1.0/../../../../x86_64-w64-mingw32/lib/../lib/libmingw32.a(lib64_libmingw32_a-gccmain.o)
                0x000000000040b800                .refptr.__CTOR_LIST__
 .rdata$.refptr.__RUNTIME_PSEUDO_RELOC_LIST_END__
                0x000000000040b810       0x10 C:/Program Files/CodeBlocks/MinGW/bin/../lib/gcc/x86_64-w64-mingw32/8.1.0/../../../../x86_64-w64-mingw32/lib/../lib/libmingw32.a(lib64_libmingw32_a-pseudo-reloc.o)
                0x000000000040b810                .refptr.__RUNTIME_PSEUDO_RELOC_LIST_END__
 .rdata$.refptr.__RUNTIME_PSEUDO_RELOC_LIST__
                0x000000000040b820       0x10 C:/Program Files/CodeBlocks/MinGW/bin/../lib/gcc/x86_64-w64-mingw32/8.1.0/../../../../x86_64-w64-mingw32/lib/../lib/libmingw32.a(lib64_libmingw32_a-pseudo-reloc.o)
                0x000000000040b820                .refptr.__RUNTIME_PSEUDO_RELOC_LIST__
 .rdata$.refptr.__dyn_tls_init_callback
                0x000000000040b830       0x10 C:/Program Files/CodeBlocks/MinGW/bin/../lib/gcc/x86_64-w64-mingw32/8.1.0/../../../../x86_64-w64-mingw32/lib/../lib/crt2.o
                0x000000000040b830                .refptr.__dyn_tls_init_callback
 .rdata$.refptr.__image_base__
                0x000000000040b840       0x10 C:/Program Files/CodeBlocks/MinGW/bin/../lib/gcc/x86_64-w64-mingw32/8.1.0/../../../../x86_64-w64-mingw32/lib/../lib/crt2.o
                0x000000000040b840                .refptr.__image_base__
 .rdata$.refptr.__imp___initenv
                0x000000000040b850       0x10 C:/Program Files/CodeBlocks/MinGW/bin/../lib/gcc/x86_64-w64-mingw32/8.1.0/../../../../x86_64-w64-mingw32/lib/../lib/crt2.o
                0x000000000040b850                .refptr.__imp___initenv
 .rdata$.refptr.__imp__acmdln
                0x000000000040b860       0x10 C:/Program Files/CodeBlocks/MinGW/bin/../lib/gcc/x86_64-w64-mingw32/8.1.0/../../../../x86_64-w64-mingw32/lib/../lib/libmsvcrt.a(lib64_libmsvcrt_os_a-__p__acmdln.o)
                0x000000000040b860                .refptr.__imp__acmdln
 .rdata$.refptr.__imp__fmode
                0x000000000040b870       0x10 C:/Program Files/CodeBlocks/MinGW/bin/../lib/gcc/x86_64-w64-mingw32/8.1.0/../../../../x86_64-w64-mingw32/lib/../lib/libmsvcrt.a(lib64_libmsvcrt_os_a-__p__fmode.o)
                0x000000000040b870                .refptr.__imp__fmode
 .rdata$.refptr.__mingw_oldexcpt_handler
                0x000000000040b880       0x10 C:/Program Files/CodeBlocks/MinGW/bin/../lib/gcc/x86_64-w64-mingw32/8.1.0/../../../../x86_64-w64-mingw32/lib/../lib/crt2.o
                0x000000000040b880                .refptr.__mingw_oldexcpt_handler
 .rdata$.refptr.__native_startup_lock
                0x000000000040b890       0x10 C:/Program Files/CodeBlocks/MinGW/bin/../lib/gcc/x86_64-w64-mingw32/8.1.0/../../../../x86_64-w64-mingw32/lib/../lib/crt2.o
                0x000000000040b890                .refptr.__native_startup_lock
 .rdata$.refptr.__native_startup_state
                0x000000000040b8a0       0x10 C:/Program Files/CodeBlocks/MinGW/bin/../lib/gcc/x86_64-w64-mingw32/8.1.0/../../../../x86_64-w64-mingw32/lib/../lib/crt2.o
                0x000000000040b8a0                .refptr.__native_startup_state
 .rdata$.refptr.__tens_D2A
                0x000000000040b8b0       0x10 C:/Program Files/CodeBlocks/MinGW/bin/../lib/gcc/x86_64-w64-mingw32/8.1.0/../../../../x86_64-w64-mingw32/lib/../lib/libmingwex.a(lib64_libmingwex_a-gdtoa.o)
                0x000000000040b8b0                .refptr.__tens_D2A
 .rdata$.refptr.__xc_a
                0x000000000040b8c0       0x10 C:/Program Files/CodeBlocks/MinGW/bin/../lib/gcc/x86_64-w64-mingw32/8.1.0/../../../../x86_64-w64-mingw32/lib/../lib/crt2.o
                0x000000000040b8c0                .refptr.__xc_a
 .rdata$.refptr.__xc_z
                0x000000000040b8d0       0x10 C:/Program Files/CodeBlocks/MinGW/bin/../lib/gcc/x86_64-w64-mingw32/8.1.0/../../../../x86_64-w64-mingw32/lib/../lib/crt2.o
                0x000000000040b8d0                .refptr.__xc_z
 .rdata$.refptr.__xi_a
                0x000000000040b8e0       0x10 C:/Program Files/CodeBlocks/MinGW/bin/../lib/gcc/x86_64-w64-mingw32/8.1.0/../../../../x86_64-w64-mingw32/lib/../lib/crt2.o
                0x000000000040b8e0                .refptr.__xi_a
 .rdata$.refptr.__xi_z
                0x000000000040b8f0       0x10 C:/Program Files/CodeBlocks/MinGW/bin/../lib/gcc/x86_64-w64-mingw32/8.1.0/../../../../x86_64-w64-mingw32/lib/../lib/crt2.o
                0x000000000040b8f0                .refptr.__xi_z
 .rdata$.refptr._dowildcard
                0x000000000040b900       0x10 C:/Program Files/CodeBlocks/MinGW/bin/../lib/gcc/x86_64-w64-mingw32/8.1.0/../../../../x86_64-w64-mingw32/lib/../lib/crt2.o
                0x000000000040b900                .refptr._dowildcard
 .rdata$.refptr._fmode
                0x000000000040b910       0x10 C:/Program Files/CodeBlocks/MinGW/bin/../lib/gcc/x86_64-w64-mingw32/8.1.0/../../../../x86_64-w64-mingw32/lib/../lib/crt2.o
                0x000000000040b910                .refptr._fmode
 .rdata$.refptr._gnu_exception_handler
                0x000000000040b920       0x10 C:/Program Files/CodeBlocks/MinGW/bin/../lib/gcc/x86_64-w64-mingw32/8.1.0/../../../../x86_64-w64-mingw32/lib/../lib/crt2.o
                0x000000000040b920                .refptr._gnu_exception_handler
 .rdata$.refptr._matherr
                0x000000000040b930       0x10 C:/Program Files/CodeBlocks/MinGW/bin/../lib/gcc/x86_64-w64-mingw32/8.1.0/../../../../x86_64-w64-mingw32/lib/../lib/crt2.o
                0x000000000040b930                .refptr._matherr
 .rdata$.refptr._newmode
                0x000000000040b940       0x10 C:/Program Files/CodeBlocks/MinGW/bin/../lib/gcc/x86_64-w64-mingw32/8.1.0/../../../../x86_64-w64-mingw32/lib/../lib/crt2.o
                0x000000000040b940                .refptr._newmode
 .rdata$.refptr.mingw_app_type
                0x000000000040b950       0x10 C:/Program Files/CodeBlocks/MinGW/bin/../lib/gcc/x86_64-w64-mingw32/8.1.0/../../../../x86_64-w64-mingw32/lib/../lib/crt2.o
                0x000000000040b950                .refptr.mingw_app_type
 .rdata$.refptr.mingw_initcharmax
                0x000000000040b960       0x10 C:/Program Files/CodeBlocks/MinGW/bin/../lib/gcc/x86_64-w64-mingw32/8.1.0/../../../../x86_64-w64-mingw32/lib/../lib/crt2.o
                0x000000000040b960                .refptr.mingw_initcharmax
 .rdata$.refptr.mingw_initltsdrot_force
                0x000000000040b970       0x10 C:/Program Files/CodeBlocks/MinGW/bin/../lib/gcc/x86_64-w64-mingw32/8.1.0/../../../../x86_64-w64-mingw32/lib/../lib/crt2.o
                0x000000000040b970                .refptr.mingw_initltsdrot_force
 .rdata$.refptr.mingw_initltsdyn_force
                0x000000000040b980       0x10 C:/Program Files/CodeBlocks/MinGW/bin/../lib/gcc/x86_64-w64-mingw32/8.1.0/../../../../x86_64-w64-mingw32/lib/../lib/crt2.o
                0x000000000040b980                .refptr.mingw_initltsdyn_force
 .rdata$.refptr.mingw_initltssuo_force
                0x000000000040b990       0x10 C:/Program Files/CodeBlocks/MinGW/bin/../lib/gcc/x86_64-w64-mingw32/8.1.0/../../../../x86_64-w64-mingw32/lib/../lib/crt2.o
                0x000000000040b990                .refptr.mingw_initltssuo_force
 .rdata$zzz     0x000000000040b9a0       0x40 C:\Users\lenovo2\AppData\Local\Temp\ccx4C5Zz.o
                0x000000000040b9e0                __rt_psrelocs_start = .
 *(.rdata_runtime_pseudo_reloc)
 .rdata_runtime_pseudo_reloc
                0x000000000040b9e0       0x18 rtr000000.o
 .rdata_runtime_pseudo_reloc
                0x000000000040b9f8        0xc rtr000002.o
                0x000000000040ba04                __rt_psrelocs_end = .
                0x0000000000000024                __rt_psrelocs_size = (__rt_psrelocs_end - __rt_psrelocs_start)
                0x000000000040ba04                ___RUNTIME_PSEUDO_RELOC_LIST_END__ = .
                0x000000000040ba04                __RUNTIME_PSEUDO_RELOC_LIST_END__ = .
                0x000000000040b9e0                ___RUNTIME_PSEUDO_RELOC_LIST__ = (. - __rt_psrelocs_size)
                0x000000000040b9e0                __RUNTIME_PSEUDO_RELOC_LIST__ = (. - __rt_psrelocs_size)

.eh_frame
 *(.eh_frame*)

.pdata          0x000000000040c000      0x800
 *(.pdata*)
 .pdata         0x000000000040c000       0x54 C:/Program Files/CodeBlocks/MinGW/bin/../lib/gcc/x86_64-w64-mingw32/8.1.0/../../../../x86_64-w64-mingw32/lib/../lib/crt2.o
 .pdata         0x000000000040c054       0x18 C:/Program Files/CodeBlocks/MinGW/bin/../lib/gcc/x86_64-w64-mingw32/8.1.0/crtbegin.o
 .pdata         0x000000000040c06c       0x6c C:\Users\lenovo2\AppData\Local\Temp\ccx4C5Zz.o
 .pdata$_ZNSt7__cxx119to_stringEi
                0x000000000040c0d8        0xc C:\Users\lenovo2\AppData\Local\Temp\ccx4C5Zz.o
 .pdata$_ZStorSt13_Ios_OpenmodeS_
                0x000000000040c0e4        0xc C:\Users\lenovo2\AppData\Local\Temp\ccx4C5Zz.o
 .pdata$_ZN9__gnu_cxx12__to_xstringINSt7__cxx1112basic_stringIcSt11char_traitsIcESaIcEEEcEET_PFiPT0_yPKS8_PcEySB_z
                0x000000000040c0f0        0xc C:\Users\lenovo2\AppData\Local\Temp\ccx4C5Zz.o
 .pdata$_ZNSt7__cxx1112basic_stringIcSt11char_traitsIcESaIcEE12_Alloc_hiderD1Ev
                0x000000000040c0fc        0xc C:\Users\lenovo2\AppData\Local\Temp\ccx4C5Zz.o
 .pdata$_ZStplIcSt11char_traitsIcESaIcEENSt7__cxx1112basic_stringIT_T0_T1_EEOS8_S9_
                0x000000000040c108        0xc C:\Users\lenovo2\AppData\Local\Temp\ccx4C5Zz.o
 .pdata$_ZStplIcSt11char_traitsIcESaIcEENSt7__cxx1112basic_stringIT_T0_T1_EEPKS5_OS8_
                0x000000000040c114        0xc C:\Users\lenovo2\AppData\Local\Temp\ccx4C5Zz.o
 .pdata$_ZSteqIcSt11char_traitsIcESaIcEEbRKNSt7__cxx1112basic_stringIT_T0_T1_EEPKS5_
                0x000000000040c120        0xc C:\Users\lenovo2\AppData\Local\Temp\ccx4C5Zz.o